Component: ARM Compiler 5.05 update 1 (build 106) Tool: armlink [4d0efa]

==============================================================================

Section Cross References

    main.o(i.main) refers to ch57x_gpio.o(i.GPIOA_ModeCfg) for GPIOA_ModeCfg
    main.o(i.main) refers to ch57x_uart1.o(i.UART1_DefInit) for UART1_DefInit
    main.o(i.main) refers to ch57x_uart1.o(i.UART1_SendString) for UART1_SendString
    ch57x_adc.o(i.ADC_GetCurrentTS) refers to aeabi_sdiv.o(.text) for __aeabi_idivmod
    ch57x_clk.o(i.Calibration_LSI) refers to aeabi_sdiv.o(.text) for __aeabi_uidivmod
    ch57x_clk.o(i.GetSysClock) refers to aeabi_sdiv.o(.text) for __aeabi_idivmod
    ch57x_clk.o(i.RTC_GetTime) refers to aeabi_sdiv.o(.text) for __aeabi_idivmod
    ch57x_clk.o(i.RTC_InitTime) refers to aeabi_sdiv.o(.text) for __aeabi_idivmod
    ch57x_clk.o(i.RTC_TRIGFunCfg) refers to ch57x_clk.o(i.RTC_GetCycle32k) for RTC_GetCycle32k
    ch57x_clk.o(i.SetSysClock) refers to ch57x_clk.o(i.__ARM_common_switch8) for __ARM_common_switch8
    ch57x_clk.o(i.SystemInit) refers to ch57x_sys.o(i.mDelayuS) for mDelayuS
    ch57x_clk.o(i.SystemInit) refers to ch57x_pwr.o(i.PowerMonitor) for PowerMonitor
    ch57x_flash.o(i.FlashBlockErase) refers to ch57x_pwr.o(i.PowerMonitor) for PowerMonitor
    ch57x_flash.o(i.FlashBlockErase) refers to ch57x_flash.o(.data) for codeflash_access_flag1
    ch57x_flash.o(i.FlashWriteBuf) refers to ch57x_pwr.o(i.PowerMonitor) for PowerMonitor
    ch57x_flash.o(i.FlashWriteBuf) refers to ch57x_flash.o(.data) for codeflash_access_flag1
    ch57x_flash.o(i.FlashWriteDW) refers to ch57x_pwr.o(i.PowerMonitor) for PowerMonitor
    ch57x_flash.o(i.FlashWriteDW) refers to ch57x_flash.o(.data) for codeflash_access_flag1
    ch57x_gpio.o(i.GPIOA_ModeCfg) refers to ch57x_clk.o(i.__ARM_common_switch8) for __ARM_common_switch8
    ch57x_gpio.o(i.GPIOB_ModeCfg) refers to ch57x_clk.o(i.__ARM_common_switch8) for __ARM_common_switch8
    ch57x_int.o(i.LowPower_Halt_1) refers to ch57x_pwr.o(i.PowerMonitor) for PowerMonitor
    ch57x_pwm.o(i.PWMX_CycleCfg) refers to ch57x_clk.o(i.__ARM_common_switch8) for __ARM_common_switch8
    ch57x_pwr.o(i.PWR_DCDCCfg) refers to ch57x_sys.o(i.mDelayuS) for mDelayuS
    ch57x_pwr.o(i.PowerMonitor) refers to ch57x_sys.o(i.mDelayuS) for mDelayuS
    ch57x_sys.o(i.mDelaymS) refers to ch57x_sys.o(i.mDelayuS) for mDelayuS
    ch57x_uart0.o(i.UART0_BaudRateCfg) refers to ch57x_clk.o(i.GetSysClock) for GetSysClock
    ch57x_uart0.o(i.UART0_BaudRateCfg) refers to aeabi_sdiv.o(.text) for __aeabi_uidivmod
    ch57x_uart0.o(i.UART0_DefInit) refers to ch57x_uart0.o(i.UART0_BaudRateCfg) for UART0_BaudRateCfg
    ch57x_uart1.o(i.UART1_BaudRateCfg) refers to ch57x_clk.o(i.GetSysClock) for GetSysClock
    ch57x_uart1.o(i.UART1_BaudRateCfg) refers to aeabi_sdiv.o(.text) for __aeabi_uidivmod
    ch57x_uart1.o(i.UART1_DefInit) refers to ch57x_uart1.o(i.UART1_BaudRateCfg) for UART1_BaudRateCfg
    ch57x_uart2.o(i.UART2_BaudRateCfg) refers to ch57x_clk.o(i.GetSysClock) for GetSysClock
    ch57x_uart2.o(i.UART2_BaudRateCfg) refers to aeabi_sdiv.o(.text) for __aeabi_uidivmod
    ch57x_uart2.o(i.UART2_DefInit) refers to ch57x_uart2.o(i.UART2_BaudRateCfg) for UART2_BaudRateCfg
    ch57x_uart3.o(i.UART3_BaudRateCfg) refers to ch57x_clk.o(i.GetSysClock) for GetSysClock
    ch57x_uart3.o(i.UART3_BaudRateCfg) refers to aeabi_sdiv.o(.text) for __aeabi_uidivmod
    ch57x_uart3.o(i.UART3_DefInit) refers to ch57x_uart3.o(i.UART3_BaudRateCfg) for UART3_BaudRateCfg
    ch57x_usbdev.o(i.USB_DeviceInit) refers to ch57x_usbdev.o(.data) for pEP0_RAM_Addr
    ch57x_usbhostbase.o(i.AnalyzeRootHub) refers to ch57x_usbhostbase.o(i.DisableRootHubPort) for DisableRootHubPort
    ch57x_usbhostbase.o(i.AnalyzeRootHub) refers to CH579MAI.o(.data) for CH579DiskStatus
    ch57x_usbhostbase.o(i.CopySetupReqPkg) refers to ch57x_usbhostbase.o(.data) for pHOST_TX_RAM_Addr
    ch57x_usbhostbase.o(i.CtrlClearEndpStall) refers to ch57x_usbhostbase.o(i.CopySetupReqPkg) for CopySetupReqPkg
    ch57x_usbhostbase.o(i.CtrlClearEndpStall) refers to ch57x_usbhostbase.o(i.HostCtrlTransfer) for HostCtrlTransfer
    ch57x_usbhostbase.o(i.CtrlClearEndpStall) refers to ch57x_usbhostbase.o(.constdata) for SetupClrEndpStall
    ch57x_usbhostbase.o(i.CtrlClearEndpStall) refers to ch57x_usbhostbase.o(.data) for pHOST_TX_RAM_Addr
    ch57x_usbhostbase.o(i.CtrlGetConfigDescr) refers to ch57x_usbhostbase.o(i.CopySetupReqPkg) for CopySetupReqPkg
    ch57x_usbhostbase.o(i.CtrlGetConfigDescr) refers to ch57x_usbhostbase.o(i.HostCtrlTransfer) for HostCtrlTransfer
    ch57x_usbhostbase.o(i.CtrlGetConfigDescr) refers to rt_memcpy.o(.text) for __aeabi_memcpy
    ch57x_usbhostbase.o(i.CtrlGetConfigDescr) refers to ch57x_usbhostbase.o(.constdata) for SetupGetCfgDescr
    ch57x_usbhostbase.o(i.CtrlGetConfigDescr) refers to ch57x_usbhostclass.o(.bss) for Com_Buffer
    ch57x_usbhostbase.o(i.CtrlGetConfigDescr) refers to ch57x_usbhostbase.o(.data) for pHOST_TX_RAM_Addr
    ch57x_usbhostbase.o(i.CtrlGetConfigDescr) refers to main.o(.bss) for TxBuffer
    ch57x_usbhostbase.o(i.CtrlGetDeviceDescr) refers to ch57x_usbhostbase.o(i.CopySetupReqPkg) for CopySetupReqPkg
    ch57x_usbhostbase.o(i.CtrlGetDeviceDescr) refers to ch57x_usbhostbase.o(i.HostCtrlTransfer) for HostCtrlTransfer
    ch57x_usbhostbase.o(i.CtrlGetDeviceDescr) refers to ch57x_usbhostbase.o(.data) for UsbDevEndp0Size
    ch57x_usbhostbase.o(i.CtrlGetDeviceDescr) refers to ch57x_usbhostbase.o(.constdata) for SetupGetDevDescr
    ch57x_usbhostbase.o(i.CtrlGetDeviceDescr) refers to ch57x_usbhostclass.o(.bss) for Com_Buffer
    ch57x_usbhostbase.o(i.CtrlSetUsbAddress) refers to ch57x_usbhostbase.o(i.CopySetupReqPkg) for CopySetupReqPkg
    ch57x_usbhostbase.o(i.CtrlSetUsbAddress) refers to ch57x_usbhostbase.o(i.HostCtrlTransfer) for HostCtrlTransfer
    ch57x_usbhostbase.o(i.CtrlSetUsbAddress) refers to ch57x_usbhostbase.o(i.SetHostUsbAddr) for SetHostUsbAddr
    ch57x_usbhostbase.o(i.CtrlSetUsbAddress) refers to ch57x_sys.o(i.mDelaymS) for mDelaymS
    ch57x_usbhostbase.o(i.CtrlSetUsbAddress) refers to ch57x_usbhostbase.o(.constdata) for SetupSetUsbAddr
    ch57x_usbhostbase.o(i.CtrlSetUsbAddress) refers to ch57x_usbhostbase.o(.data) for pHOST_TX_RAM_Addr
    ch57x_usbhostbase.o(i.CtrlSetUsbConfig) refers to ch57x_usbhostbase.o(i.CopySetupReqPkg) for CopySetupReqPkg
    ch57x_usbhostbase.o(i.CtrlSetUsbConfig) refers to ch57x_usbhostbase.o(i.HostCtrlTransfer) for HostCtrlTransfer
    ch57x_usbhostbase.o(i.CtrlSetUsbConfig) refers to ch57x_usbhostbase.o(.constdata) for SetupSetUsbConfig
    ch57x_usbhostbase.o(i.CtrlSetUsbConfig) refers to ch57x_usbhostbase.o(.data) for pHOST_TX_RAM_Addr
    ch57x_usbhostbase.o(i.CtrlSetUsbIntercace) refers to ch57x_usbhostbase.o(i.CopySetupReqPkg) for CopySetupReqPkg
    ch57x_usbhostbase.o(i.CtrlSetUsbIntercace) refers to ch57x_usbhostbase.o(i.HostCtrlTransfer) for HostCtrlTransfer
    ch57x_usbhostbase.o(i.CtrlSetUsbIntercace) refers to ch57x_usbhostbase.o(.constdata) for SetupSetUsbInterface
    ch57x_usbhostbase.o(i.CtrlSetUsbIntercace) refers to ch57x_usbhostbase.o(.data) for pHOST_TX_RAM_Addr
    ch57x_usbhostbase.o(i.DisableRootHubPort) refers to CH579MAI.o(.data) for CH579DiskStatus
    ch57x_usbhostbase.o(i.EnableRootHubPort) refers to CH579MAI.o(.data) for CH579DiskStatus
    ch57x_usbhostbase.o(i.HostCtrlTransfer) refers to ch57x_sys.o(i.mDelayuS) for mDelayuS
    ch57x_usbhostbase.o(i.HostCtrlTransfer) refers to ch57x_usbhostbase.o(i.USBHostTransact) for USBHostTransact
    ch57x_usbhostbase.o(i.HostCtrlTransfer) refers to ch57x_usbhostbase.o(.data) for pHOST_TX_RAM_Addr
    ch57x_usbhostbase.o(i.ResetRootHubPort) refers to ch57x_usbhostbase.o(i.SetHostUsbAddr) for SetHostUsbAddr
    ch57x_usbhostbase.o(i.ResetRootHubPort) refers to ch57x_usbhostbase.o(i.SetUsbSpeed) for SetUsbSpeed
    ch57x_usbhostbase.o(i.ResetRootHubPort) refers to ch57x_sys.o(i.mDelaymS) for mDelaymS
    ch57x_usbhostbase.o(i.ResetRootHubPort) refers to ch57x_sys.o(i.mDelayuS) for mDelayuS
    ch57x_usbhostbase.o(i.ResetRootHubPort) refers to ch57x_usbhostbase.o(.data) for UsbDevEndp0Size
    ch57x_usbhostbase.o(i.USBHostTransact) refers to ch57x_usbhostbase.o(i.AnalyzeRootHub) for AnalyzeRootHub
    ch57x_usbhostbase.o(i.USBHostTransact) refers to ch57x_sys.o(i.mDelayuS) for mDelayuS
    ch57x_usbhostbase.o(i.USBHostTransact) refers to ch57x_usbhostbase.o(.data) for FoundNewDev
    ch57x_usbhostbase.o(i.USBHostTransact) refers to CH579MAI.o(.data) for CH579DiskStatus
    ch57x_usbhostbase.o(i.USB_HostInit) refers to ch57x_usbhostbase.o(i.DisableRootHubPort) for DisableRootHubPort
    ch57x_usbhostbase.o(i.USB_HostInit) refers to ch57x_usbhostbase.o(.data) for pHOST_RX_RAM_Addr
    ch57x_usbhostclass.o(i.CtrlGetHIDDeviceReport) refers to ch57x_usbhostbase.o(i.CopySetupReqPkg) for CopySetupReqPkg
    ch57x_usbhostclass.o(i.CtrlGetHIDDeviceReport) refers to ch57x_usbhostbase.o(i.HostCtrlTransfer) for HostCtrlTransfer
    ch57x_usbhostclass.o(i.CtrlGetHIDDeviceReport) refers to ch57x_usbhostclass.o(.constdata) for SetupSetHIDIdle
    ch57x_usbhostclass.o(i.CtrlGetHIDDeviceReport) refers to ch57x_usbhostbase.o(.data) for pHOST_TX_RAM_Addr
    ch57x_usbhostclass.o(i.CtrlGetHIDDeviceReport) refers to ch57x_usbhostclass.o(.bss) for Com_Buffer
    ch57x_usbhostclass.o(i.CtrlGetHubDescr) refers to ch57x_usbhostbase.o(i.CopySetupReqPkg) for CopySetupReqPkg
    ch57x_usbhostclass.o(i.CtrlGetHubDescr) refers to ch57x_usbhostbase.o(i.HostCtrlTransfer) for HostCtrlTransfer
    ch57x_usbhostclass.o(i.CtrlGetHubDescr) refers to ch57x_usbhostclass.o(.constdata) for SetupGetHubDescr
    ch57x_usbhostclass.o(i.CtrlGetHubDescr) refers to ch57x_usbhostclass.o(.bss) for Com_Buffer
    ch57x_usbhostclass.o(i.HubClearPortFeature) refers to ch57x_usbhostbase.o(i.HostCtrlTransfer) for HostCtrlTransfer
    ch57x_usbhostclass.o(i.HubClearPortFeature) refers to ch57x_usbhostbase.o(.data) for pHOST_TX_RAM_Addr
    ch57x_usbhostclass.o(i.HubGetPortStatus) refers to ch57x_usbhostbase.o(i.HostCtrlTransfer) for HostCtrlTransfer
    ch57x_usbhostclass.o(i.HubGetPortStatus) refers to ch57x_usbhostbase.o(.data) for pHOST_TX_RAM_Addr
    ch57x_usbhostclass.o(i.HubGetPortStatus) refers to ch57x_usbhostclass.o(.bss) for Com_Buffer
    ch57x_usbhostclass.o(i.HubSetPortFeature) refers to ch57x_usbhostbase.o(i.HostCtrlTransfer) for HostCtrlTransfer
    ch57x_usbhostclass.o(i.HubSetPortFeature) refers to ch57x_usbhostbase.o(.data) for pHOST_TX_RAM_Addr
    ch57x_usbhostclass.o(i.InitRootDevice) refers to ch57x_usbhostbase.o(i.ResetRootHubPort) for ResetRootHubPort
    ch57x_usbhostclass.o(i.InitRootDevice) refers to ch57x_sys.o(i.mDelaymS) for mDelaymS
    ch57x_usbhostclass.o(i.InitRootDevice) refers to ch57x_usbhostbase.o(i.EnableRootHubPort) for EnableRootHubPort
    ch57x_usbhostclass.o(i.InitRootDevice) refers to ch57x_usbhostbase.o(i.DisableRootHubPort) for DisableRootHubPort
    ch57x_usbhostclass.o(i.InitRootDevice) refers to ch57x_usbhostbase.o(i.SetUsbSpeed) for SetUsbSpeed
    ch57x_usbhostclass.o(i.InitRootDevice) refers to ch57x_usbhostbase.o(i.CtrlGetDeviceDescr) for CtrlGetDeviceDescr
    ch57x_usbhostclass.o(i.InitRootDevice) refers to ch57x_usbhostbase.o(i.CtrlSetUsbAddress) for CtrlSetUsbAddress
    ch57x_usbhostclass.o(i.InitRootDevice) refers to ch57x_usbhostbase.o(i.CtrlGetConfigDescr) for CtrlGetConfigDescr
    ch57x_usbhostclass.o(i.InitRootDevice) refers to ch57x_usbhostbase.o(.bss) for ThisUsbDev
    ch57x_usbhostclass.o(i.InitRootDevice) refers to ch57x_usbhostbase.o(.constdata) for SetupGetDevDescr
    ch57x_usbhostclass.o(i.InitRootDevice) refers to ch57x_usbhostclass.o(.bss) for Com_Buffer
    ch57x_usbhostclass.o(i.InitRootDevice) refers to CH579MAI.o(.data) for CH579DiskStatus
    startup_armcm0.o(STACK) refers (Special) to heapauxi.o(.text) for __use_two_region_memory
    startup_armcm0.o(HEAP) refers (Special) to heapauxi.o(.text) for __use_two_region_memory
    startup_armcm0.o(RESET) refers (Special) to heapauxi.o(.text) for __use_two_region_memory
    startup_armcm0.o(RESET) refers to startup_armcm0.o(.text) for Reset_Handler
    startup_armcm0.o(RESET) refers to ch57x_int.o(i.NMI_Handler) for NMI_Handler
    startup_armcm0.o(.text) refers (Special) to heapauxi.o(.text) for __use_two_region_memory
    startup_armcm0.o(.text) refers to ch57x_clk.o(i.SystemInit) for SystemInit
    startup_armcm0.o(.text) refers to __main.o(!!!main) for __main
    startup_armcm0.o(.text) refers to startup_armcm0.o(HEAP) for Heap_Mem
    startup_armcm0.o(.text) refers to startup_armcm0.o(STACK) for Stack_Mem
    ch579ufi.o(i.CH579DiskConnect) refers to CH579MAI.o(.data) for CH579DiskStatus
    ch579ufi.o(i.CH579LibInit) refers to CH579MAI.o(.text) for CH579GetVer
    ch579ufi.o(i.CH579LibInit) refers to ch579ufi.o(.bss) for DISK_BASE_BUF
    ch579ufi.o(i.CH579LibInit) refers to CH579MAI.o(.data) for pDISK_BASE_BUF
    ch579ufi.o(i.CH579ReadSector) refers to uwrite4.o(.text) for __aeabi_uwrite4
    ch579ufi.o(i.CH579ReadSector) refers to CH579MAI.o(.text) for CH579BulkOnlyCmd
    ch579ufi.o(i.CH579ReadSector) refers to CH579MAI.o(.data) for CH579vSectorSizeB
    ch579ufi.o(i.CH579ReadSector) refers to main.o(.bss) for TxBuffer
    ch579ufi.o(i.CH579WriteSector) refers to uwrite4.o(.text) for __aeabi_uwrite4
    ch579ufi.o(i.CH579WriteSector) refers to CH579MAI.o(.text) for CH579BulkOnlyCmd
    ch579ufi.o(i.CH579WriteSector) refers to ch57x_sys.o(i.mDelayuS) for mDelayuS
    ch579ufi.o(i.CH579WriteSector) refers to CH579MAI.o(.data) for CH579vSectorSizeB
    ch579ufi.o(i.CH579WriteSector) refers to main.o(.bss) for TxBuffer
    CH579MAI.o(.text) refers to ch579ufi.o(i.CH579ReadSector) for CH579ReadSector
    CH579MAI.o(.text) refers to ch579ufi.o(i.CH579WriteSector) for CH579WriteSector
    CH579MAI.o(.text) refers to ch579ufi.o(i.CH579DiskConnect) for CH579DiskConnect
    CH579MAI.o(.text) refers to CH579MAI.o(.data) for .data
    CH579MAI.o(.text) refers to ch57x_sys.o(i.mDelaymS) for mDelaymS
    CH579MAI.o(.text) refers to ch57x_usbhostbase.o(i.CopySetupReqPkg) for CopySetupReqPkg
    CH579MAI.o(.text) refers to ch57x_usbhostbase.o(i.HostCtrlTransfer) for HostCtrlTransfer
    CH579MAI.o(.text) refers to ch57x_usbhostbase.o(i.CtrlClearEndpStall) for CtrlClearEndpStall
    CH579MAI.o(.text) refers to uwrite4.o(.text) for __aeabi_uwrite4
    CH579MAI.o(.text) refers to ch57x_usbhostbase.o(i.USBHostTransact) for USBHostTransact
    CH579MAI.o(.text) refers to uread4.o(.text) for __aeabi_uread4
    CH579MAI.o(.text) refers to ch57x_usbhostbase.o(i.CtrlGetConfigDescr) for CtrlGetConfigDescr
    CH579MAI.o(.text) refers to main.o(.bss) for TxBuffer
    CH579MAI.o(.text) refers to ch57x_usbhostbase.o(i.CtrlSetUsbConfig) for CtrlSetUsbConfig
    CH579MAI.o(.text) refers to ch579ufi.o(.bss) for mCmdParam
    CH579MAI.o(.text) refers to ch579ufi.o(i.xFileNameEnumer) for xFileNameEnumer
    rt_memcpy.o(.text) refers to rt_memcpy.o(.emb_text) for __aeabi_memcpy4
    __main.o(!!!main) refers to __rtentry.o(.ARM.Collect$$rtentry$$00000000) for __rt_entry
    __rtentry.o(.ARM.Collect$$rtentry$$00000000) refers (Special) to __rtentry2.o(.ARM.Collect$$rtentry$$0000000A) for __rt_entry_li
    __rtentry.o(.ARM.Collect$$rtentry$$00000000) refers (Special) to __rtentry2.o(.ARM.Collect$$rtentry$$0000000D) for __rt_entry_main
    __rtentry.o(.ARM.Collect$$rtentry$$00000000) refers (Special) to __rtentry2.o(.ARM.Collect$$rtentry$$0000000C) for __rt_entry_postli_1
    __rtentry.o(.ARM.Collect$$rtentry$$00000000) refers (Special) to __rtentry2.o(.ARM.Collect$$rtentry$$00000009) for __rt_entry_postsh_1
    __rtentry.o(.ARM.Collect$$rtentry$$00000000) refers (Special) to __rtentry2.o(.ARM.Collect$$rtentry$$00000002) for __rt_entry_presh_1
    __rtentry.o(.ARM.Collect$$rtentry$$00000000) refers (Special) to __rtentry4.o(.ARM.Collect$$rtentry$$00000004) for __rt_entry_sh
    aeabi_idiv0_sigfpe.o(.text) refers to rt_div0.o(.text) for __rt_div0
    __rtentry2.o(.ARM.Collect$$rtentry$$00000008) refers to boardinit2.o(.text) for _platform_post_stackheap_init
    __rtentry2.o(.ARM.Collect$$rtentry$$0000000A) refers to libinit.o(.ARM.Collect$$libinit$$00000000) for __rt_lib_init
    __rtentry2.o(.ARM.Collect$$rtentry$$0000000B) refers to boardinit3.o(.text) for _platform_post_lib_init
    __rtentry2.o(.ARM.Collect$$rtentry$$0000000D) refers to main.o(i.main) for main
    __rtentry2.o(.ARM.Collect$$rtentry$$0000000D) refers to exit.o(.text) for exit
    __rtentry2.o(.ARM.exidx) refers to __rtentry2.o(.ARM.Collect$$rtentry$$00000001) for .ARM.Collect$$rtentry$$00000001
    __rtentry2.o(.ARM.exidx) refers to __rtentry2.o(.ARM.Collect$$rtentry$$00000008) for .ARM.Collect$$rtentry$$00000008
    __rtentry2.o(.ARM.exidx) refers to __rtentry2.o(.ARM.Collect$$rtentry$$0000000A) for .ARM.Collect$$rtentry$$0000000A
    __rtentry2.o(.ARM.exidx) refers to __rtentry2.o(.ARM.Collect$$rtentry$$0000000B) for .ARM.Collect$$rtentry$$0000000B
    __rtentry2.o(.ARM.exidx) refers to __rtentry2.o(.ARM.Collect$$rtentry$$0000000D) for .ARM.Collect$$rtentry$$0000000D
    __rtentry4.o(.ARM.Collect$$rtentry$$00000004) refers to sys_stackheap_outer.o(.text) for __user_setup_stackheap
    __rtentry4.o(.ARM.exidx) refers to __rtentry4.o(.ARM.Collect$$rtentry$$00000004) for .ARM.Collect$$rtentry$$00000004
    rt_div0.o(.text) refers to defsig_fpe_outer.o(.text) for __rt_SIGFPE
    sys_stackheap_outer.o(.text) refers to libspace.o(.text) for __user_perproc_libspace
    sys_stackheap_outer.o(.text) refers to startup_armcm0.o(.text) for __user_initial_stackheap
    sys_stackheap_outer.o(__vectab_stack_and_reset_area) refers to tempstk.o(.text) for __temporary_stack_top
    sys_stackheap_outer.o(__vectab_stack_and_reset_area) refers to __main.o(!!!main) for __main
    exit.o(.text) refers to rtexit.o(.ARM.Collect$$rtexit$$00000000) for __rt_exit
    defsig_fpe_outer.o(.text) refers to defsig_fpe_inner.o(.text) for __rt_SIGFPE_inner
    defsig_fpe_outer.o(.text) refers to defsig_exit.o(.text) for __sig_exit
    defsig_fpe_formal.o(.text) refers to rt_raise.o(.text) for __rt_raise
    libinit.o(.ARM.Collect$$libinit$$00000000) refers (Special) to libinit2.o(.ARM.Collect$$libinit$$0000002E) for __rt_lib_init_alloca_1
    libinit.o(.ARM.Collect$$libinit$$00000000) refers (Special) to libinit2.o(.ARM.Collect$$libinit$$0000002C) for __rt_lib_init_argv_1
    libinit.o(.ARM.Collect$$libinit$$00000000) refers (Special) to libinit2.o(.ARM.Collect$$libinit$$0000001B) for __rt_lib_init_atexit_1
    libinit.o(.ARM.Collect$$libinit$$00000000) refers (Special) to libinit2.o(.ARM.Collect$$libinit$$00000021) for __rt_lib_init_clock_1
    libinit.o(.ARM.Collect$$libinit$$00000000) refers (Special) to libinit2.o(.ARM.Collect$$libinit$$00000032) for __rt_lib_init_cpp_1
    libinit.o(.ARM.Collect$$libinit$$00000000) refers (Special) to libinit2.o(.ARM.Collect$$libinit$$00000030) for __rt_lib_init_exceptions_1
    libinit.o(.ARM.Collect$$libinit$$00000000) refers (Special) to libinit2.o(.ARM.Collect$$libinit$$00000002) for __rt_lib_init_fp_1
    libinit.o(.ARM.Collect$$libinit$$00000000) refers (Special) to libinit2.o(.ARM.Collect$$libinit$$0000001F) for __rt_lib_init_fp_trap_1
    libinit.o(.ARM.Collect$$libinit$$00000000) refers (Special) to libinit2.o(.ARM.Collect$$libinit$$00000023) for __rt_lib_init_getenv_1
    libinit.o(.ARM.Collect$$libinit$$00000000) refers (Special) to libinit2.o(.ARM.Collect$$libinit$$0000000A) for __rt_lib_init_heap_1
    libinit.o(.ARM.Collect$$libinit$$00000000) refers (Special) to libinit2.o(.ARM.Collect$$libinit$$00000011) for __rt_lib_init_lc_collate_1
    libinit.o(.ARM.Collect$$libinit$$00000000) refers (Special) to libinit2.o(.ARM.Collect$$libinit$$00000013) for __rt_lib_init_lc_ctype_1
    libinit.o(.ARM.Collect$$libinit$$00000000) refers (Special) to libinit2.o(.ARM.Collect$$libinit$$00000015) for __rt_lib_init_lc_monetary_1
    libinit.o(.ARM.Collect$$libinit$$00000000) refers (Special) to libinit2.o(.ARM.Collect$$libinit$$00000017) for __rt_lib_init_lc_numeric_1
    libinit.o(.ARM.Collect$$libinit$$00000000) refers (Special) to libinit2.o(.ARM.Collect$$libinit$$00000019) for __rt_lib_init_lc_time_1
    libinit.o(.ARM.Collect$$libinit$$00000000) refers (Special) to libinit2.o(.ARM.Collect$$libinit$$00000004) for __rt_lib_init_preinit_1
    libinit.o(.ARM.Collect$$libinit$$00000000) refers (Special) to libinit2.o(.ARM.Collect$$libinit$$0000000E) for __rt_lib_init_rand_1
    libinit.o(.ARM.Collect$$libinit$$00000000) refers (Special) to libinit2.o(.ARM.Collect$$libinit$$00000033) for __rt_lib_init_return
    libinit.o(.ARM.Collect$$libinit$$00000000) refers (Special) to libinit2.o(.ARM.Collect$$libinit$$0000001D) for __rt_lib_init_signal_1
    libinit.o(.ARM.Collect$$libinit$$00000000) refers (Special) to libinit2.o(.ARM.Collect$$libinit$$00000025) for __rt_lib_init_stdio_1
    libinit.o(.ARM.Collect$$libinit$$00000000) refers (Special) to libinit2.o(.ARM.Collect$$libinit$$0000000C) for __rt_lib_init_user_alloc_1
    libspace.o(.text) refers to libspace.o(.bss) for __libspace_start
    rtexit.o(.ARM.Collect$$rtexit$$00000000) refers (Special) to rtexit2.o(.ARM.Collect$$rtexit$$00000004) for __rt_exit_exit
    rtexit.o(.ARM.Collect$$rtexit$$00000000) refers (Special) to rtexit2.o(.ARM.Collect$$rtexit$$00000003) for __rt_exit_ls
    rtexit.o(.ARM.Collect$$rtexit$$00000000) refers (Special) to rtexit2.o(.ARM.Collect$$rtexit$$00000002) for __rt_exit_prels_1
    rtexit.o(.ARM.exidx) refers (Special) to rtexit2.o(.ARM.Collect$$rtexit$$00000004) for __rt_exit_exit
    rtexit.o(.ARM.exidx) refers (Special) to rtexit2.o(.ARM.Collect$$rtexit$$00000003) for __rt_exit_ls
    rtexit.o(.ARM.exidx) refers (Special) to rtexit2.o(.ARM.Collect$$rtexit$$00000002) for __rt_exit_prels_1
    rtexit.o(.ARM.exidx) refers to rtexit.o(.ARM.Collect$$rtexit$$00000000) for .ARM.Collect$$rtexit$$00000000
    rt_raise.o(.text) refers to __raise.o(.text) for __raise
    rt_raise.o(.text) refers to sys_exit.o(.text) for _sys_exit
    defsig_exit.o(.text) refers to sys_exit.o(.text) for _sys_exit
    defsig_fpe_inner.o(.text) refers to defsig_general.o(.text) for __default_signal_display
    libinit2.o(.ARM.Collect$$libinit$$00000010) refers to libinit2.o(.ARM.Collect$$libinit$$0000000F) for .ARM.Collect$$libinit$$0000000F
    libinit2.o(.ARM.Collect$$libinit$$00000012) refers to libinit2.o(.ARM.Collect$$libinit$$0000000F) for .ARM.Collect$$libinit$$0000000F
    libinit2.o(.ARM.Collect$$libinit$$00000014) refers to libinit2.o(.ARM.Collect$$libinit$$0000000F) for .ARM.Collect$$libinit$$0000000F
    libinit2.o(.ARM.Collect$$libinit$$00000016) refers to libinit2.o(.ARM.Collect$$libinit$$0000000F) for .ARM.Collect$$libinit$$0000000F
    libinit2.o(.ARM.Collect$$libinit$$00000018) refers to libinit2.o(.ARM.Collect$$libinit$$0000000F) for .ARM.Collect$$libinit$$0000000F
    libinit2.o(.ARM.Collect$$libinit$$00000026) refers to argv_veneer.o(.text) for __ARM_argv_veneer
    libinit2.o(.ARM.Collect$$libinit$$00000027) refers to argv_veneer.o(.text) for __ARM_argv_veneer
    sys_exit.o(.text) refers (Special) to use_no_semi.o(.text) for __I$use$semihosting
    sys_exit.o(.text) refers (Special) to indicate_semi.o(.text) for __semihosting_library_function
    rtexit2.o(.ARM.Collect$$rtexit$$00000003) refers to libshutdown.o(.ARM.Collect$$libshutdown$$00000000) for __rt_lib_shutdown
    rtexit2.o(.ARM.Collect$$rtexit$$00000004) refers to sys_exit.o(.text) for _sys_exit
    rtexit2.o(.ARM.exidx) refers to rtexit2.o(.ARM.Collect$$rtexit$$00000001) for .ARM.Collect$$rtexit$$00000001
    rtexit2.o(.ARM.exidx) refers to rtexit2.o(.ARM.Collect$$rtexit$$00000003) for .ARM.Collect$$rtexit$$00000003
    rtexit2.o(.ARM.exidx) refers to rtexit2.o(.ARM.Collect$$rtexit$$00000004) for .ARM.Collect$$rtexit$$00000004
    __raise.o(.text) refers to defsig.o(CL$$defsig) for __default_signal_handler
    defsig_general.o(.text) refers to sys_wrch.o(.text) for _ttywrch
    sys_wrch.o(.text) refers (Special) to use_no_semi.o(.text) for __I$use$semihosting
    sys_wrch.o(.text) refers (Special) to indicate_semi.o(.text) for __semihosting_library_function
    defsig.o(CL$$defsig) refers to defsig_fpe_inner.o(.text) for __rt_SIGFPE_inner
    defsig.o(CL$$defsig) refers to defsig_rtmem_inner.o(.text) for __rt_SIGRTMEM_inner
    _get_argv_nomalloc.o(.text) refers (Special) to hrguard.o(.text) for __heap_region$guard
    _get_argv_nomalloc.o(.text) refers to defsig_rtmem_outer.o(.text) for __rt_SIGRTMEM
    _get_argv_nomalloc.o(.text) refers to sys_command.o(.text) for _sys_command_string
    libshutdown.o(.ARM.Collect$$libshutdown$$00000000) refers (Special) to libshutdown2.o(.ARM.Collect$$libshutdown$$00000006) for __rt_lib_shutdown_fp_trap_1
    libshutdown.o(.ARM.Collect$$libshutdown$$00000000) refers (Special) to libshutdown2.o(.ARM.Collect$$libshutdown$$0000000E) for __rt_lib_shutdown_heap_1
    libshutdown.o(.ARM.Collect$$libshutdown$$00000000) refers (Special) to libshutdown2.o(.ARM.Collect$$libshutdown$$0000000F) for __rt_lib_shutdown_return
    libshutdown.o(.ARM.Collect$$libshutdown$$00000000) refers (Special) to libshutdown2.o(.ARM.Collect$$libshutdown$$00000009) for __rt_lib_shutdown_signal_1
    libshutdown.o(.ARM.Collect$$libshutdown$$00000000) refers (Special) to libshutdown2.o(.ARM.Collect$$libshutdown$$00000003) for __rt_lib_shutdown_stdio_1
    libshutdown.o(.ARM.Collect$$libshutdown$$00000000) refers (Special) to libshutdown2.o(.ARM.Collect$$libshutdown$$0000000B) for __rt_lib_shutdown_user_alloc_1
    sys_command.o(.text) refers (Special) to use_no_semi.o(.text) for __I$use$semihosting
    sys_command.o(.text) refers (Special) to indicate_semi.o(.text) for __semihosting_library_function
    defsig_abrt_inner.o(.text) refers to defsig_general.o(.text) for __default_signal_display
    defsig_rtred_inner.o(.text) refers to defsig_general.o(.text) for __default_signal_display
    defsig_rtmem_inner.o(.text) refers to defsig_general.o(.text) for __default_signal_display
    defsig_rtmem_outer.o(.text) refers to defsig_rtmem_inner.o(.text) for __rt_SIGRTMEM_inner
    defsig_rtmem_outer.o(.text) refers to defsig_exit.o(.text) for __sig_exit
    defsig_rtmem_formal.o(.text) refers to rt_raise.o(.text) for __rt_raise
    defsig_stak_inner.o(.text) refers to defsig_general.o(.text) for __default_signal_display
    defsig_pvfn_inner.o(.text) refers to defsig_general.o(.text) for __default_signal_display
    defsig_cppl_inner.o(.text) refers to defsig_general.o(.text) for __default_signal_display
    defsig_segv_inner.o(.text) refers to defsig_general.o(.text) for __default_signal_display
    defsig_other.o(.text) refers to defsig_general.o(.text) for __default_signal_display


==============================================================================

Removing Unused input sections from the image.

    Removing main.o(.rev16_text), (4 bytes).
    Removing main.o(.revsh_text), (4 bytes).
    Removing main.o(.bss), (128 bytes).
    Removing ch57x_adc.o(.rev16_text), (4 bytes).
    Removing ch57x_adc.o(.revsh_text), (4 bytes).
    Removing ch57x_adc.o(i.ADC_DataCalib_Fine), (140 bytes).
    Removing ch57x_adc.o(i.ADC_DataCalib_Rough), (132 bytes).
    Removing ch57x_adc.o(i.ADC_ExcutSingleConver), (36 bytes).
    Removing ch57x_adc.o(i.ADC_ExtDiffChSampInit), (20 bytes).
    Removing ch57x_adc.o(i.ADC_ExtSingleChSampInit), (20 bytes).
    Removing ch57x_adc.o(i.ADC_GetCurrentTS), (152 bytes).
    Removing ch57x_adc.o(i.ADC_InterBATSampInit), (16 bytes).
    Removing ch57x_adc.o(i.ADC_InterTSSampInit), (28 bytes).
    Removing ch57x_adc.o(i.TouchKey_ChSampInit), (16 bytes).
    Removing ch57x_adc.o(i.TouchKey_ExcutSingleConver), (40 bytes).
    Removing ch57x_clk.o(.rev16_text), (4 bytes).
    Removing ch57x_clk.o(.revsh_text), (4 bytes).
    Removing ch57x_clk.o(i.Calibration_LSI), (496 bytes).
    Removing ch57x_clk.o(i.HClk32M_Select), (64 bytes).
    Removing ch57x_clk.o(i.HSECFG_Capacitance), (40 bytes).
    Removing ch57x_clk.o(i.HSECFG_Current), (40 bytes).
    Removing ch57x_clk.o(i.LClk32K_Select), (60 bytes).
    Removing ch57x_clk.o(i.LSECFG_Capacitance), (40 bytes).
    Removing ch57x_clk.o(i.LSECFG_Current), (44 bytes).
    Removing ch57x_clk.o(i.RTC_ClearITFlag), (36 bytes).
    Removing ch57x_clk.o(i.RTC_GetCycle32k), (20 bytes).
    Removing ch57x_clk.o(i.RTC_GetITFlag), (32 bytes).
    Removing ch57x_clk.o(i.RTC_GetTime), (476 bytes).
    Removing ch57x_clk.o(i.RTC_InitTime), (360 bytes).
    Removing ch57x_clk.o(i.RTC_ModeFunDisable), (56 bytes).
    Removing ch57x_clk.o(i.RTC_SetCycle32k), (44 bytes).
    Removing ch57x_clk.o(i.RTC_TMRFunCfg), (56 bytes).
    Removing ch57x_clk.o(i.RTC_TRIGFunCfg), (80 bytes).
    Removing ch57x_clk.o(i.SetSysClock), (352 bytes).
    Removing ch57x_flash.o(.rev16_text), (4 bytes).
    Removing ch57x_flash.o(.revsh_text), (4 bytes).
    Removing ch57x_flash.o(i.FlashBlockErase), (324 bytes).
    Removing ch57x_flash.o(i.FlashWriteBuf), (380 bytes).
    Removing ch57x_flash.o(i.FlashWriteDW), (340 bytes).
    Removing ch57x_flash.o(i.GetMACAddress), (28 bytes).
    Removing ch57x_flash.o(i.GetUniqueID), (28 bytes).
    Removing ch57x_flash.o(.data), (2 bytes).
    Removing ch57x_gpio.o(.rev16_text), (4 bytes).
    Removing ch57x_gpio.o(.revsh_text), (4 bytes).
    Removing ch57x_gpio.o(i.GPIOAGPPCfg), (32 bytes).
    Removing ch57x_gpio.o(i.GPIOA_ITModeCfg), (120 bytes).
    Removing ch57x_gpio.o(i.GPIOB_ITModeCfg), (144 bytes).
    Removing ch57x_gpio.o(i.GPIOB_ModeCfg), (152 bytes).
    Removing ch57x_gpio.o(i.GPIOPinRemap), (32 bytes).
    Removing ch57x_int.o(.rev16_text), (4 bytes).
    Removing ch57x_int.o(.revsh_text), (4 bytes).
    Removing ch57x_int.o(i.LowPower_Halt_1), (140 bytes).
    Removing ch57x_int.o(i.LowPower_Halt_2), (184 bytes).
    Removing ch57x_int.o(i.LowPower_Shutdown), (196 bytes).
    Removing ch57x_int.o(i.LowPower_Sleep), (196 bytes).
    Removing ch57x_lcd.o(.rev16_text), (4 bytes).
    Removing ch57x_lcd.o(.revsh_text), (4 bytes).
    Removing ch57x_lcd.o(i.LCD_DefInit), (12 bytes).
    Removing ch57x_pwm.o(.rev16_text), (4 bytes).
    Removing ch57x_pwm.o(.revsh_text), (4 bytes).
    Removing ch57x_pwm.o(i.PWMX_ACTOUT), (92 bytes).
    Removing ch57x_pwm.o(i.PWMX_AlterOutCfg), (32 bytes).
    Removing ch57x_pwm.o(i.PWMX_CycleCfg), (156 bytes).
    Removing ch57x_pwr.o(.rev16_text), (4 bytes).
    Removing ch57x_pwr.o(.revsh_text), (4 bytes).
    Removing ch57x_pwr.o(i.EnterCodeUpgrade), (156 bytes).
    Removing ch57x_pwr.o(i.LowPower_Idle), (20 bytes).
    Removing ch57x_pwr.o(i.PWR_DCDCCfg), (116 bytes).
    Removing ch57x_pwr.o(i.PWR_PeriphClkCfg), (68 bytes).
    Removing ch57x_pwr.o(i.PWR_PeriphWakeUpCfg), (68 bytes).
    Removing ch57x_pwr.o(i.PWR_UnitModCfg), (160 bytes).
    Removing ch57x_spi0.o(.rev16_text), (4 bytes).
    Removing ch57x_spi0.o(.revsh_text), (4 bytes).
    Removing ch57x_spi0.o(i.SPI0_CLKCfg), (40 bytes).
    Removing ch57x_spi0.o(i.SPI0_DataMode), (132 bytes).
    Removing ch57x_spi0.o(i.SPI0_MasterDMARecv), (72 bytes).
    Removing ch57x_spi0.o(i.SPI0_MasterDMATrans), (72 bytes).
    Removing ch57x_spi0.o(i.SPI0_MasterDefInit), (44 bytes).
    Removing ch57x_spi0.o(i.SPI0_MasterRecv), (56 bytes).
    Removing ch57x_spi0.o(i.SPI0_MasterRecvByte), (40 bytes).
    Removing ch57x_spi0.o(i.SPI0_MasterSendByte), (36 bytes).
    Removing ch57x_spi0.o(i.SPI0_MasterTrans), (68 bytes).
    Removing ch57x_spi0.o(i.SPI0_SlaveDMARecv), (72 bytes).
    Removing ch57x_spi0.o(i.SPI0_SlaveDMATrans), (72 bytes).
    Removing ch57x_spi0.o(i.SPI0_SlaveInit), (28 bytes).
    Removing ch57x_spi0.o(i.SPI0_SlaveRecv), (52 bytes).
    Removing ch57x_spi0.o(i.SPI0_SlaveRecvByte), (32 bytes).
    Removing ch57x_spi0.o(i.SPI0_SlaveSendByte), (32 bytes).
    Removing ch57x_spi0.o(i.SPI0_SlaveTrans), (64 bytes).
    Removing ch57x_spi1.o(.rev16_text), (4 bytes).
    Removing ch57x_spi1.o(.revsh_text), (4 bytes).
    Removing ch57x_spi1.o(i.SPI1_CLKCfg), (40 bytes).
    Removing ch57x_spi1.o(i.SPI1_DataMode), (132 bytes).
    Removing ch57x_spi1.o(i.SPI1_MasterDefInit), (44 bytes).
    Removing ch57x_spi1.o(i.SPI1_MasterRecv), (56 bytes).
    Removing ch57x_spi1.o(i.SPI1_MasterRecvByte), (40 bytes).
    Removing ch57x_spi1.o(i.SPI1_MasterSendByte), (36 bytes).
    Removing ch57x_spi1.o(i.SPI1_MasterTrans), (68 bytes).
    Removing ch57x_sys.o(.rev16_text), (4 bytes).
    Removing ch57x_sys.o(.revsh_text), (4 bytes).
    Removing ch57x_sys.o(i.SYS_DisableAllIrq), (24 bytes).
    Removing ch57x_sys.o(i.SYS_GetInfoSta), (32 bytes).
    Removing ch57x_sys.o(i.SYS_GetSysTickCnt), (12 bytes).
    Removing ch57x_sys.o(i.SYS_RecoverIrq), (12 bytes).
    Removing ch57x_sys.o(i.SYS_ResetExecute), (32 bytes).
    Removing ch57x_sys.o(i.WWDG_ClearFlag), (32 bytes).
    Removing ch57x_sys.o(i.WWDG_ITCfg), (52 bytes).
    Removing ch57x_sys.o(i.WWDG_ResetCfg), (52 bytes).
    Removing ch57x_sys.o(i.mDelaymS), (26 bytes).
    Removing ch57x_timer0.o(.rev16_text), (4 bytes).
    Removing ch57x_timer0.o(.revsh_text), (4 bytes).
    Removing ch57x_timer0.o(i.TMR0_CapInit), (24 bytes).
    Removing ch57x_timer0.o(i.TMR0_CountInit), (24 bytes).
    Removing ch57x_timer0.o(i.TMR0_EXTSingleCounterInit), (20 bytes).
    Removing ch57x_timer0.o(i.TMR0_PWMInit), (20 bytes).
    Removing ch57x_timer0.o(i.TMR0_TimerInit), (20 bytes).
    Removing ch57x_timer1.o(.rev16_text), (4 bytes).
    Removing ch57x_timer1.o(.revsh_text), (4 bytes).
    Removing ch57x_timer1.o(i.TMR1_CapInit), (24 bytes).
    Removing ch57x_timer1.o(i.TMR1_CountInit), (24 bytes).
    Removing ch57x_timer1.o(i.TMR1_DMACfg), (44 bytes).
    Removing ch57x_timer1.o(i.TMR1_EXTSingleCounterInit), (20 bytes).
    Removing ch57x_timer1.o(i.TMR1_PWMInit), (20 bytes).
    Removing ch57x_timer1.o(i.TMR1_TimerInit), (20 bytes).
    Removing ch57x_timer2.o(.rev16_text), (4 bytes).
    Removing ch57x_timer2.o(.revsh_text), (4 bytes).
    Removing ch57x_timer2.o(i.TMR2_CapInit), (24 bytes).
    Removing ch57x_timer2.o(i.TMR2_CountInit), (24 bytes).
    Removing ch57x_timer2.o(i.TMR2_DMACfg), (44 bytes).
    Removing ch57x_timer2.o(i.TMR2_EXTSingleCounterInit), (20 bytes).
    Removing ch57x_timer2.o(i.TMR2_PWMInit), (20 bytes).
    Removing ch57x_timer2.o(i.TMR2_TimerInit), (20 bytes).
    Removing ch57x_timer3.o(.rev16_text), (4 bytes).
    Removing ch57x_timer3.o(.revsh_text), (4 bytes).
    Removing ch57x_timer3.o(i.TMR3_CapInit), (24 bytes).
    Removing ch57x_timer3.o(i.TMR3_CountInit), (24 bytes).
    Removing ch57x_timer3.o(i.TMR3_EXTSingleCounterInit), (20 bytes).
    Removing ch57x_timer3.o(i.TMR3_PWMInit), (20 bytes).
    Removing ch57x_timer3.o(i.TMR3_TimerInit), (20 bytes).
    Removing ch57x_uart0.o(.rev16_text), (4 bytes).
    Removing ch57x_uart0.o(.revsh_text), (4 bytes).
    Removing ch57x_uart0.o(i.UART0_BaudRateCfg), (44 bytes).
    Removing ch57x_uart0.o(i.UART0_ByteTrigCfg), (24 bytes).
    Removing ch57x_uart0.o(i.UART0_DefInit), (36 bytes).
    Removing ch57x_uart0.o(i.UART0_INTCfg), (44 bytes).
    Removing ch57x_uart0.o(i.UART0_RecvString), (32 bytes).
    Removing ch57x_uart0.o(i.UART0_Reset), (12 bytes).
    Removing ch57x_uart0.o(i.UART0_SendString), (36 bytes).
    Removing ch57x_uart1.o(.rev16_text), (4 bytes).
    Removing ch57x_uart1.o(.revsh_text), (4 bytes).
    Removing ch57x_uart1.o(i.UART1_ByteTrigCfg), (24 bytes).
    Removing ch57x_uart1.o(i.UART1_INTCfg), (44 bytes).
    Removing ch57x_uart1.o(i.UART1_RecvString), (32 bytes).
    Removing ch57x_uart1.o(i.UART1_Reset), (12 bytes).
    Removing ch57x_uart2.o(.rev16_text), (4 bytes).
    Removing ch57x_uart2.o(.revsh_text), (4 bytes).
    Removing ch57x_uart2.o(i.UART2_BaudRateCfg), (44 bytes).
    Removing ch57x_uart2.o(i.UART2_ByteTrigCfg), (24 bytes).
    Removing ch57x_uart2.o(i.UART2_DefInit), (36 bytes).
    Removing ch57x_uart2.o(i.UART2_INTCfg), (44 bytes).
    Removing ch57x_uart2.o(i.UART2_RecvString), (32 bytes).
    Removing ch57x_uart2.o(i.UART2_Reset), (12 bytes).
    Removing ch57x_uart2.o(i.UART2_SendString), (36 bytes).
    Removing ch57x_uart3.o(.rev16_text), (4 bytes).
    Removing ch57x_uart3.o(.revsh_text), (4 bytes).
    Removing ch57x_uart3.o(i.UART3_BaudRateCfg), (44 bytes).
    Removing ch57x_uart3.o(i.UART3_ByteTrigCfg), (24 bytes).
    Removing ch57x_uart3.o(i.UART3_DefInit), (36 bytes).
    Removing ch57x_uart3.o(i.UART3_INTCfg), (44 bytes).
    Removing ch57x_uart3.o(i.UART3_RecvString), (32 bytes).
    Removing ch57x_uart3.o(i.UART3_Reset), (12 bytes).
    Removing ch57x_uart3.o(i.UART3_SendString), (36 bytes).
    Removing ch57x_usbdev.o(.rev16_text), (4 bytes).
    Removing ch57x_usbdev.o(.revsh_text), (4 bytes).
    Removing ch57x_usbdev.o(i.DevEP1_IN_Deal), (20 bytes).
    Removing ch57x_usbdev.o(i.DevEP2_IN_Deal), (20 bytes).
    Removing ch57x_usbdev.o(i.DevEP3_IN_Deal), (20 bytes).
    Removing ch57x_usbdev.o(i.DevEP4_IN_Deal), (20 bytes).
    Removing ch57x_usbdev.o(i.USB_DeviceInit), (120 bytes).
    Removing ch57x_usbdev.o(.data), (16 bytes).
    Removing ch57x_usbhostbase.o(.rev16_text), (4 bytes).
    Removing ch57x_usbhostbase.o(.revsh_text), (4 bytes).
    Removing ch57x_usbhostbase.o(i.AnalyzeRootHub), (80 bytes).
    Removing ch57x_usbhostbase.o(i.CopySetupReqPkg), (32 bytes).
    Removing ch57x_usbhostbase.o(i.CtrlClearEndpStall), (40 bytes).
    Removing ch57x_usbhostbase.o(i.CtrlGetConfigDescr), (140 bytes).
    Removing ch57x_usbhostbase.o(i.CtrlGetDeviceDescr), (72 bytes).
    Removing ch57x_usbhostbase.o(i.CtrlSetUsbAddress), (64 bytes).
    Removing ch57x_usbhostbase.o(i.CtrlSetUsbConfig), (40 bytes).
    Removing ch57x_usbhostbase.o(i.CtrlSetUsbIntercace), (40 bytes).
    Removing ch57x_usbhostbase.o(i.DisableRootHubPort), (12 bytes).
    Removing ch57x_usbhostbase.o(i.EnableRootHubPort), (56 bytes).
    Removing ch57x_usbhostbase.o(i.HostCtrlTransfer), (448 bytes).
    Removing ch57x_usbhostbase.o(i.ResetRootHubPort), (88 bytes).
    Removing ch57x_usbhostbase.o(i.SetHostUsbAddr), (24 bytes).
    Removing ch57x_usbhostbase.o(i.SetUsbSpeed), (2 bytes).
    Removing ch57x_usbhostbase.o(i.USBHostTransact), (356 bytes).
    Removing ch57x_usbhostbase.o(i.USB_HostInit), (96 bytes).
    Removing ch57x_usbhostbase.o(i.WaitUSB_Interrupt), (52 bytes).
    Removing ch57x_usbhostbase.o(.bss), (14 bytes).
    Removing ch57x_usbhostbase.o(.constdata), (48 bytes).
    Removing ch57x_usbhostbase.o(.data), (12 bytes).
    Removing ch57x_usbhostclass.o(.rev16_text), (4 bytes).
    Removing ch57x_usbhostclass.o(.revsh_text), (4 bytes).
    Removing ch57x_usbhostclass.o(i.CtrlGetHIDDeviceReport), (92 bytes).
    Removing ch57x_usbhostclass.o(i.CtrlGetHubDescr), (56 bytes).
    Removing ch57x_usbhostclass.o(i.HubClearPortFeature), (68 bytes).
    Removing ch57x_usbhostclass.o(i.HubGetPortStatus), (92 bytes).
    Removing ch57x_usbhostclass.o(i.HubSetPortFeature), (68 bytes).
    Removing ch57x_usbhostclass.o(i.InitRootDevice), (248 bytes).
    Removing ch57x_usbhostclass.o(.bss), (128 bytes).
    Removing ch57x_usbhostclass.o(.constdata), (24 bytes).
    Removing ch579ufi.o(.rev16_text), (4 bytes).
    Removing ch579ufi.o(.revsh_text), (4 bytes).
    Removing ch579ufi.o(i.CH579DiskConnect), (116 bytes).
    Removing ch579ufi.o(i.CH579LibInit), (84 bytes).
    Removing ch579ufi.o(i.CH579ReadSector), (192 bytes).
    Removing ch579ufi.o(i.CH579WriteSector), (200 bytes).
    Removing ch579ufi.o(i.xFileNameEnumer), (2 bytes).
    Removing ch579ufi.o(.bss), (544 bytes).
    Removing CH579MAI.o(.text), (4996 bytes).
    Removing CH579MAI.o(.data), (104 bytes).

222 unused section(s) (total 18258 bytes) removed from the image.

==============================================================================

Image Symbol Table

    Local Symbols

    Symbol Name                              Value     Ov Type        Size  Object(Section)

    RESET                                    0x00000000   Section      144  startup_armcm0.o(RESET)
    ../clib/angel/boardlib.s                 0x00000000   Number         0  boardinit1.o ABSOLUTE
    ../clib/angel/boardlib.s                 0x00000000   Number         0  boardshut.o ABSOLUTE
    ../clib/angel/boardlib.s                 0x00000000   Number         0  boardinit3.o ABSOLUTE
    ../clib/angel/boardlib.s                 0x00000000   Number         0  boardinit2.o ABSOLUTE
    ../clib/angel/handlers.s                 0x00000000   Number         0  __scatter_zi.o ABSOLUTE
    ../clib/angel/kernel.s                   0x00000000   Number         0  __rtentry2.o ABSOLUTE
    ../clib/angel/kernel.s                   0x00000000   Number         0  __rtentry4.o ABSOLUTE
    ../clib/angel/kernel.s                   0x00000000   Number         0  rtexit.o ABSOLUTE
    ../clib/angel/kernel.s                   0x00000000   Number         0  rtexit2.o ABSOLUTE
    ../clib/angel/kernel.s                   0x00000000   Number         0  __rtentry.o ABSOLUTE
    ../clib/angel/rt.s                       0x00000000   Number         0  aeabi_idiv0_sigfpe.o ABSOLUTE
    ../clib/angel/rt.s                       0x00000000   Number         0  rt_div0.o ABSOLUTE
    ../clib/angel/rt.s                       0x00000000   Number         0  aeabi_idiv0.o ABSOLUTE
    ../clib/angel/rt.s                       0x00000000   Number         0  rt_raise.o ABSOLUTE
    ../clib/angel/scatterp.s                 0x00000000   Number         0  __scatter.o ABSOLUTE
    ../clib/angel/startup.s                  0x00000000   Number         0  __main.o ABSOLUTE
    ../clib/angel/sys.s                      0x00000000   Number         0  indicate_semi.o ABSOLUTE
    ../clib/angel/sys.s                      0x00000000   Number         0  libspace.o ABSOLUTE
    ../clib/angel/sys.s                      0x00000000   Number         0  sys_stackheap_outer.o ABSOLUTE
    ../clib/angel/sys.s                      0x00000000   Number         0  tempstk.o ABSOLUTE
    ../clib/angel/sys.s                      0x00000000   Number         0  use_no_semi.o ABSOLUTE
    ../clib/angel/sysapp.c                   0x00000000   Number         0  sys_exit.o ABSOLUTE
    ../clib/angel/sysapp.c                   0x00000000   Number         0  sys_wrch.o ABSOLUTE
    ../clib/angel/sysapp.c                   0x00000000   Number         0  sys_command.o ABSOLUTE
    ../clib/armsys.c                         0x00000000   Number         0  argv_veneer.o ABSOLUTE
    ../clib/armsys.c                         0x00000000   Number         0  no_argv.o ABSOLUTE
    ../clib/armsys.c                         0x00000000   Number         0  _get_argv_nomalloc.o ABSOLUTE
    ../clib/division.s                       0x00000000   Number         0  aeabi_sdiv.o ABSOLUTE
    ../clib/division.s                       0x00000000   Number         0  aeabi_sdiv_div0.o ABSOLUTE
    ../clib/heapalloc.c                      0x00000000   Number         0  hrguard.o ABSOLUTE
    ../clib/heapaux.c                        0x00000000   Number         0  heapauxi.o ABSOLUTE
    ../clib/libinit.s                        0x00000000   Number         0  libshutdown.o ABSOLUTE
    ../clib/libinit.s                        0x00000000   Number         0  libshutdown2.o ABSOLUTE
    ../clib/libinit.s                        0x00000000   Number         0  libinit2.o ABSOLUTE
    ../clib/libinit.s                        0x00000000   Number         0  libinit.o ABSOLUTE
    ../clib/memcpset.c                       0x00000000   Number         0  rt_memcpy.o ABSOLUTE
    ../clib/memcpset.c                       0x00000000   Number         0  rt_memcpy.o ABSOLUTE
    ../clib/signal.c                         0x00000000   Number         0  defsig_rtmem_outer.o ABSOLUTE
    ../clib/signal.c                         0x00000000   Number         0  defsig_rtmem_inner.o ABSOLUTE
    ../clib/signal.c                         0x00000000   Number         0  defsig_rtred_inner.o ABSOLUTE
    ../clib/signal.c                         0x00000000   Number         0  defsig_abrt_inner.o ABSOLUTE
    ../clib/signal.c                         0x00000000   Number         0  defsig_general.o ABSOLUTE
    ../clib/signal.c                         0x00000000   Number         0  __raise.o ABSOLUTE
    ../clib/signal.c                         0x00000000   Number         0  defsig_exit.o ABSOLUTE
    ../clib/signal.c                         0x00000000   Number         0  defsig_fpe_formal.o ABSOLUTE
    ../clib/signal.c                         0x00000000   Number         0  defsig_fpe_outer.o ABSOLUTE
    ../clib/signal.c                         0x00000000   Number         0  defsig_other.o ABSOLUTE
    ../clib/signal.c                         0x00000000   Number         0  defsig_segv_inner.o ABSOLUTE
    ../clib/signal.c                         0x00000000   Number         0  defsig_cppl_inner.o ABSOLUTE
    ../clib/signal.c                         0x00000000   Number         0  defsig_pvfn_inner.o ABSOLUTE
    ../clib/signal.c                         0x00000000   Number         0  defsig_fpe_inner.o ABSOLUTE
    ../clib/signal.c                         0x00000000   Number         0  defsig_stak_inner.o ABSOLUTE
    ../clib/signal.c                         0x00000000   Number         0  defsig_rtmem_formal.o ABSOLUTE
    ../clib/signal.s                         0x00000000   Number         0  defsig.o ABSOLUTE
    ../clib/stdlib.c                         0x00000000   Number         0  exit.o ABSOLUTE
    ../clib/unhosted.c                       0x00000000   Number         0  uread4.o ABSOLUTE
    ../clib/unhosted.c                       0x00000000   Number         0  uwrite4.o ABSOLUTE
    ../fplib/cfplib/fpinit.c                 0x00000000   Number         0  fpinit.o ABSOLUTE
    ..\\library\\StdPeriphDriver\\CH57x_adc.c 0x00000000   Number         0  ch57x_adc.o ABSOLUTE
    ..\\library\\StdPeriphDriver\\CH57x_clk.c 0x00000000   Number         0  ch57x_clk.o ABSOLUTE
    ..\\library\\StdPeriphDriver\\CH57x_flash.c 0x00000000   Number         0  ch57x_flash.o ABSOLUTE
    ..\\library\\StdPeriphDriver\\CH57x_gpio.c 0x00000000   Number         0  ch57x_gpio.o ABSOLUTE
    ..\\library\\StdPeriphDriver\\CH57x_int.c 0x00000000   Number         0  ch57x_int.o ABSOLUTE
    ..\\library\\StdPeriphDriver\\CH57x_lcd.c 0x00000000   Number         0  ch57x_lcd.o ABSOLUTE
    ..\\library\\StdPeriphDriver\\CH57x_pwm.c 0x00000000   Number         0  ch57x_pwm.o ABSOLUTE
    ..\\library\\StdPeriphDriver\\CH57x_pwr.c 0x00000000   Number         0  ch57x_pwr.o ABSOLUTE
    ..\\library\\StdPeriphDriver\\CH57x_spi0.c 0x00000000   Number         0  ch57x_spi0.o ABSOLUTE
    ..\\library\\StdPeriphDriver\\CH57x_spi1.c 0x00000000   Number         0  ch57x_spi1.o ABSOLUTE
    ..\\library\\StdPeriphDriver\\CH57x_sys.c 0x00000000   Number         0  ch57x_sys.o ABSOLUTE
    ..\\library\\StdPeriphDriver\\CH57x_timer0.c 0x00000000   Number         0  ch57x_timer0.o ABSOLUTE
    ..\\library\\StdPeriphDriver\\CH57x_timer1.c 0x00000000   Number         0  ch57x_timer1.o ABSOLUTE
    ..\\library\\StdPeriphDriver\\CH57x_timer2.c 0x00000000   Number         0  ch57x_timer2.o ABSOLUTE
    ..\\library\\StdPeriphDriver\\CH57x_timer3.c 0x00000000   Number         0  ch57x_timer3.o ABSOLUTE
    ..\\library\\StdPeriphDriver\\CH57x_uart0.c 0x00000000   Number         0  ch57x_uart0.o ABSOLUTE
    ..\\library\\StdPeriphDriver\\CH57x_uart1.c 0x00000000   Number         0  ch57x_uart1.o ABSOLUTE
    ..\\library\\StdPeriphDriver\\CH57x_uart2.c 0x00000000   Number         0  ch57x_uart2.o ABSOLUTE
    ..\\library\\StdPeriphDriver\\CH57x_uart3.c 0x00000000   Number         0  ch57x_uart3.o ABSOLUTE
    ..\\library\\StdPeriphDriver\\CH57x_usbdev.c 0x00000000   Number         0  ch57x_usbdev.o ABSOLUTE
    ..\\library\\StdPeriphDriver\\CH57x_usbhostBase.c 0x00000000   Number         0  ch57x_usbhostbase.o ABSOLUTE
    ..\\library\\StdPeriphDriver\\CH57x_usbhostClass.c 0x00000000   Number         0  ch57x_usbhostclass.o ABSOLUTE
    ..\\ufi_library\\CH579UFI.C              0x00000000   Number         0  ch579ufi.o ABSOLUTE
    ..\\user\\main.c                         0x00000000   Number         0  main.o ABSOLUTE
    ..\library\Startup\startup_ARMCM0.s      0x00000000   Number         0  startup_armcm0.o ABSOLUTE
    ..\library\StdPeriphDriver\CH57x_adc.c   0x00000000   Number         0  ch57x_adc.o ABSOLUTE
    ..\library\StdPeriphDriver\CH57x_clk.c   0x00000000   Number         0  ch57x_clk.o ABSOLUTE
    ..\library\StdPeriphDriver\CH57x_flash.c 0x00000000   Number         0  ch57x_flash.o ABSOLUTE
    ..\library\StdPeriphDriver\CH57x_gpio.c  0x00000000   Number         0  ch57x_gpio.o ABSOLUTE
    ..\library\StdPeriphDriver\CH57x_int.c   0x00000000   Number         0  ch57x_int.o ABSOLUTE
    ..\library\StdPeriphDriver\CH57x_lcd.c   0x00000000   Number         0  ch57x_lcd.o ABSOLUTE
    ..\library\StdPeriphDriver\CH57x_pwm.c   0x00000000   Number         0  ch57x_pwm.o ABSOLUTE
    ..\library\StdPeriphDriver\CH57x_pwr.c   0x00000000   Number         0  ch57x_pwr.o ABSOLUTE
    ..\library\StdPeriphDriver\CH57x_spi0.c  0x00000000   Number         0  ch57x_spi0.o ABSOLUTE
    ..\library\StdPeriphDriver\CH57x_spi1.c  0x00000000   Number         0  ch57x_spi1.o ABSOLUTE
    ..\library\StdPeriphDriver\CH57x_sys.c   0x00000000   Number         0  ch57x_sys.o ABSOLUTE
    ..\library\StdPeriphDriver\CH57x_timer0.c 0x00000000   Number         0  ch57x_timer0.o ABSOLUTE
    ..\library\StdPeriphDriver\CH57x_timer1.c 0x00000000   Number         0  ch57x_timer1.o ABSOLUTE
    ..\library\StdPeriphDriver\CH57x_timer2.c 0x00000000   Number         0  ch57x_timer2.o ABSOLUTE
    ..\library\StdPeriphDriver\CH57x_timer3.c 0x00000000   Number         0  ch57x_timer3.o ABSOLUTE
    ..\library\StdPeriphDriver\CH57x_uart0.c 0x00000000   Number         0  ch57x_uart0.o ABSOLUTE
    ..\library\StdPeriphDriver\CH57x_uart1.c 0x00000000   Number         0  ch57x_uart1.o ABSOLUTE
    ..\library\StdPeriphDriver\CH57x_uart2.c 0x00000000   Number         0  ch57x_uart2.o ABSOLUTE
    ..\library\StdPeriphDriver\CH57x_uart3.c 0x00000000   Number         0  ch57x_uart3.o ABSOLUTE
    ..\library\StdPeriphDriver\CH57x_usbdev.c 0x00000000   Number         0  ch57x_usbdev.o ABSOLUTE
    ..\library\StdPeriphDriver\CH57x_usbhostBase.c 0x00000000   Number         0  ch57x_usbhostbase.o ABSOLUTE
    ..\library\StdPeriphDriver\CH57x_usbhostClass.c 0x00000000   Number         0  ch57x_usbhostclass.o ABSOLUTE
    ..\ufi_library\CH579UFI.C                0x00000000   Number         0  ch579ufi.o ABSOLUTE
    ..\user\main.c                           0x00000000   Number         0  main.o ABSOLUTE
    CH579MAI.C                               0x00000000   Number         0  CH579MAI.o ABSOLUTE
    dc.s                                     0x00000000   Number         0  dc.o ABSOLUTE
    !!!main                                  0x00000090   Section        8  __main.o(!!!main)
    !!!scatter                               0x00000098   Section       60  __scatter.o(!!!scatter)
    !!handler_zi                             0x000000d4   Section       28  __scatter_zi.o(!!handler_zi)
    .ARM.Collect$$libinit$$00000000          0x000000f0   Section        2  libinit.o(.ARM.Collect$$libinit$$00000000)
    .ARM.Collect$$libinit$$00000002          0x000000f2   Section        0  libinit2.o(.ARM.Collect$$libinit$$00000002)
    .ARM.Collect$$libinit$$00000004          0x000000f2   Section        0  libinit2.o(.ARM.Collect$$libinit$$00000004)
    .ARM.Collect$$libinit$$0000000A          0x000000f2   Section        0  libinit2.o(.ARM.Collect$$libinit$$0000000A)
    .ARM.Collect$$libinit$$0000000C          0x000000f2   Section        0  libinit2.o(.ARM.Collect$$libinit$$0000000C)
    .ARM.Collect$$libinit$$0000000E          0x000000f2   Section        0  libinit2.o(.ARM.Collect$$libinit$$0000000E)
    .ARM.Collect$$libinit$$00000011          0x000000f2   Section        0  libinit2.o(.ARM.Collect$$libinit$$00000011)
    .ARM.Collect$$libinit$$00000013          0x000000f2   Section        0  libinit2.o(.ARM.Collect$$libinit$$00000013)
    .ARM.Collect$$libinit$$00000015          0x000000f2   Section        0  libinit2.o(.ARM.Collect$$libinit$$00000015)
    .ARM.Collect$$libinit$$00000017          0x000000f2   Section        0  libinit2.o(.ARM.Collect$$libinit$$00000017)
    .ARM.Collect$$libinit$$00000019          0x000000f2   Section        0  libinit2.o(.ARM.Collect$$libinit$$00000019)
    .ARM.Collect$$libinit$$0000001B          0x000000f2   Section        0  libinit2.o(.ARM.Collect$$libinit$$0000001B)
    .ARM.Collect$$libinit$$0000001D          0x000000f2   Section        0  libinit2.o(.ARM.Collect$$libinit$$0000001D)
    .ARM.Collect$$libinit$$0000001F          0x000000f2   Section        0  libinit2.o(.ARM.Collect$$libinit$$0000001F)
    .ARM.Collect$$libinit$$00000021          0x000000f2   Section        0  libinit2.o(.ARM.Collect$$libinit$$00000021)
    .ARM.Collect$$libinit$$00000023          0x000000f2   Section        0  libinit2.o(.ARM.Collect$$libinit$$00000023)
    .ARM.Collect$$libinit$$00000025          0x000000f2   Section        0  libinit2.o(.ARM.Collect$$libinit$$00000025)
    .ARM.Collect$$libinit$$0000002C          0x000000f2   Section        0  libinit2.o(.ARM.Collect$$libinit$$0000002C)
    .ARM.Collect$$libinit$$0000002E          0x000000f2   Section        0  libinit2.o(.ARM.Collect$$libinit$$0000002E)
    .ARM.Collect$$libinit$$00000030          0x000000f2   Section        0  libinit2.o(.ARM.Collect$$libinit$$00000030)
    .ARM.Collect$$libinit$$00000032          0x000000f2   Section        0  libinit2.o(.ARM.Collect$$libinit$$00000032)
    .ARM.Collect$$libinit$$00000033          0x000000f2   Section        2  libinit2.o(.ARM.Collect$$libinit$$00000033)
    .ARM.Collect$$libshutdown$$00000000      0x000000f4   Section        2  libshutdown.o(.ARM.Collect$$libshutdown$$00000000)
    .ARM.Collect$$libshutdown$$00000003      0x000000f6   Section        0  libshutdown2.o(.ARM.Collect$$libshutdown$$00000003)
    .ARM.Collect$$libshutdown$$00000006      0x000000f6   Section        0  libshutdown2.o(.ARM.Collect$$libshutdown$$00000006)
    .ARM.Collect$$libshutdown$$00000009      0x000000f6   Section        0  libshutdown2.o(.ARM.Collect$$libshutdown$$00000009)
    .ARM.Collect$$libshutdown$$0000000B      0x000000f6   Section        0  libshutdown2.o(.ARM.Collect$$libshutdown$$0000000B)
    .ARM.Collect$$libshutdown$$0000000E      0x000000f6   Section        0  libshutdown2.o(.ARM.Collect$$libshutdown$$0000000E)
    .ARM.Collect$$libshutdown$$0000000F      0x000000f6   Section        2  libshutdown2.o(.ARM.Collect$$libshutdown$$0000000F)
    .ARM.Collect$$rtentry$$00000000          0x000000f8   Section        0  __rtentry.o(.ARM.Collect$$rtentry$$00000000)
    .ARM.Collect$$rtentry$$00000002          0x000000f8   Section        0  __rtentry2.o(.ARM.Collect$$rtentry$$00000002)
    .ARM.Collect$$rtentry$$00000004          0x000000f8   Section        6  __rtentry4.o(.ARM.Collect$$rtentry$$00000004)
    .ARM.Collect$$rtentry$$00000009          0x000000fe   Section        0  __rtentry2.o(.ARM.Collect$$rtentry$$00000009)
    .ARM.Collect$$rtentry$$0000000A          0x000000fe   Section        4  __rtentry2.o(.ARM.Collect$$rtentry$$0000000A)
    .ARM.Collect$$rtentry$$0000000C          0x00000102   Section        0  __rtentry2.o(.ARM.Collect$$rtentry$$0000000C)
    .ARM.Collect$$rtentry$$0000000D          0x00000102   Section        8  __rtentry2.o(.ARM.Collect$$rtentry$$0000000D)
    .ARM.Collect$$rtexit$$00000000           0x0000010a   Section        2  rtexit.o(.ARM.Collect$$rtexit$$00000000)
    .ARM.Collect$$rtexit$$00000002           0x0000010c   Section        0  rtexit2.o(.ARM.Collect$$rtexit$$00000002)
    .ARM.Collect$$rtexit$$00000003           0x0000010c   Section        4  rtexit2.o(.ARM.Collect$$rtexit$$00000003)
    .ARM.Collect$$rtexit$$00000004           0x00000110   Section        6  rtexit2.o(.ARM.Collect$$rtexit$$00000004)
    .text                                    0x00000118   Section       56  startup_armcm0.o(.text)
    .text                                    0x00000150   Section      346  aeabi_sdiv.o(.text)
    .text                                    0x000002aa   Section        0  heapauxi.o(.text)
    .text                                    0x000002b0   Section       62  sys_stackheap_outer.o(.text)
    .text                                    0x000002ee   Section        0  exit.o(.text)
    .text                                    0x000002fc   Section        8  libspace.o(.text)
    .text                                    0x00000304   Section        0  sys_exit.o(.text)
    .text                                    0x00000310   Section        2  use_no_semi.o(.text)
    .text                                    0x00000312   Section        0  indicate_semi.o(.text)
    i.GPIOA_ModeCfg                          0x00000314   Section        0  ch57x_gpio.o(i.GPIOA_ModeCfg)
    i.GetSysClock                            0x000003ac   Section        0  ch57x_clk.o(i.GetSysClock)
    i.NMI_Handler                            0x000003fc   Section        0  ch57x_int.o(i.NMI_Handler)
    i.PowerMonitor                           0x00000494   Section        0  ch57x_pwr.o(i.PowerMonitor)
    i.SystemInit                             0x000004f4   Section        0  ch57x_clk.o(i.SystemInit)
    i.UART1_BaudRateCfg                      0x00000520   Section        0  ch57x_uart1.o(i.UART1_BaudRateCfg)
    i.UART1_DefInit                          0x0000054c   Section        0  ch57x_uart1.o(i.UART1_DefInit)
    i.UART1_SendString                       0x00000570   Section        0  ch57x_uart1.o(i.UART1_SendString)
    i.__ARM_common_switch8                   0x00000594   Section        0  ch57x_clk.o(i.__ARM_common_switch8)
    i.mDelayuS                               0x000005b0   Section        0  ch57x_sys.o(i.mDelayuS)
    i.main                                   0x000005d4   Section        0  main.o(i.main)
    .bss                                     0x20000000   Section       96  libspace.o(.bss)
    HEAP                                     0x20000060   Section     1024  startup_armcm0.o(HEAP)
    Heap_Mem                                 0x20000060   Data        1024  startup_armcm0.o(HEAP)
    STACK                                    0x20000460   Section     1024  startup_armcm0.o(STACK)
    Stack_Mem                                0x20000460   Data        1024  startup_armcm0.o(STACK)

    Global Symbols

    Symbol Name                              Value     Ov Type        Size  Object(Section)

    BuildAttributes$$THM_ISAv3M$S$PE$A:L22$X:L11$S22$IEEE1$IW$USESV6$~STKCKD$USESV7$~SHL$OSPACE$ROPI$EBA8$UX$STANDARDLIB$REQ8$PRES8$EABIv2 0x00000000   Number         0  anon$$obj.o ABSOLUTE
    __ARM_use_no_argv                        0x00000000   Number         0  main.o ABSOLUTE
    __Vectors                                0x00000000   Data           4  startup_armcm0.o(RESET)
    __ARM_exceptions_init                     - Undefined Weak Reference
    __alloca_initialize                       - Undefined Weak Reference
    __arm_preinit_                            - Undefined Weak Reference
    __cpp_initialize__aeabi_                  - Undefined Weak Reference
    __cxa_finalize                            - Undefined Weak Reference
    __rt_locale                               - Undefined Weak Reference
    __sigvec_lookup                           - Undefined Weak Reference
    _atexit_init                              - Undefined Weak Reference
    _call_atexit_fns                          - Undefined Weak Reference
    _clock_init                               - Undefined Weak Reference
    _fp_trap_init                             - Undefined Weak Reference
    _fp_trap_shutdown                         - Undefined Weak Reference
    _get_lc_collate                           - Undefined Weak Reference
    _get_lc_ctype                             - Undefined Weak Reference
    _get_lc_monetary                          - Undefined Weak Reference
    _get_lc_numeric                           - Undefined Weak Reference
    _get_lc_time                              - Undefined Weak Reference
    _getenv_init                              - Undefined Weak Reference
    _handle_redirection                       - Undefined Weak Reference
    _init_alloc                               - Undefined Weak Reference
    _init_user_alloc                          - Undefined Weak Reference
    _initio                                   - Undefined Weak Reference
    _rand_init                                - Undefined Weak Reference
    _signal_finish                            - Undefined Weak Reference
    _signal_init                              - Undefined Weak Reference
    _terminate_alloc                          - Undefined Weak Reference
    _terminate_user_alloc                     - Undefined Weak Reference
    _terminateio                              - Undefined Weak Reference
    __Vectors_End                            0x00000090   Data           0  startup_armcm0.o(RESET)
    __Vectors_Size                           0x00000090   Number         0  startup_armcm0.o ABSOLUTE
    __main                                   0x00000091   Thumb Code     8  __main.o(!!!main)
    __scatterload                            0x00000099   Thumb Code     0  __scatter.o(!!!scatter)
    __scatterload_rt2                        0x00000099   Thumb Code    52  __scatter.o(!!!scatter)
    __scatterload_rt2_thumb_only             0x00000099   Thumb Code     0  __scatter.o(!!!scatter)
    __scatterload_null                       0x000000a9   Thumb Code     0  __scatter.o(!!!scatter)
    __scatterload_zeroinit                   0x000000d5   Thumb Code    28  __scatter_zi.o(!!handler_zi)
    __rt_lib_init                            0x000000f1   Thumb Code     0  libinit.o(.ARM.Collect$$libinit$$00000000)
    __rt_lib_init_alloca_1                   0x000000f3   Thumb Code     0  libinit2.o(.ARM.Collect$$libinit$$0000002E)
    __rt_lib_init_argv_1                     0x000000f3   Thumb Code     0  libinit2.o(.ARM.Collect$$libinit$$0000002C)
    __rt_lib_init_atexit_1                   0x000000f3   Thumb Code     0  libinit2.o(.ARM.Collect$$libinit$$0000001B)
    __rt_lib_init_clock_1                    0x000000f3   Thumb Code     0  libinit2.o(.ARM.Collect$$libinit$$00000021)
    __rt_lib_init_cpp_1                      0x000000f3   Thumb Code     0  libinit2.o(.ARM.Collect$$libinit$$00000032)
    __rt_lib_init_exceptions_1               0x000000f3   Thumb Code     0  libinit2.o(.ARM.Collect$$libinit$$00000030)
    __rt_lib_init_fp_1                       0x000000f3   Thumb Code     0  libinit2.o(.ARM.Collect$$libinit$$00000002)
    __rt_lib_init_fp_trap_1                  0x000000f3   Thumb Code     0  libinit2.o(.ARM.Collect$$libinit$$0000001F)
    __rt_lib_init_getenv_1                   0x000000f3   Thumb Code     0  libinit2.o(.ARM.Collect$$libinit$$00000023)
    __rt_lib_init_heap_1                     0x000000f3   Thumb Code     0  libinit2.o(.ARM.Collect$$libinit$$0000000A)
    __rt_lib_init_lc_collate_1               0x000000f3   Thumb Code     0  libinit2.o(.ARM.Collect$$libinit$$00000011)
    __rt_lib_init_lc_ctype_1                 0x000000f3   Thumb Code     0  libinit2.o(.ARM.Collect$$libinit$$00000013)
    __rt_lib_init_lc_monetary_1              0x000000f3   Thumb Code     0  libinit2.o(.ARM.Collect$$libinit$$00000015)
    __rt_lib_init_lc_numeric_1               0x000000f3   Thumb Code     0  libinit2.o(.ARM.Collect$$libinit$$00000017)
    __rt_lib_init_lc_time_1                  0x000000f3   Thumb Code     0  libinit2.o(.ARM.Collect$$libinit$$00000019)
    __rt_lib_init_preinit_1                  0x000000f3   Thumb Code     0  libinit2.o(.ARM.Collect$$libinit$$00000004)
    __rt_lib_init_rand_1                     0x000000f3   Thumb Code     0  libinit2.o(.ARM.Collect$$libinit$$0000000E)
    __rt_lib_init_return                     0x000000f3   Thumb Code     0  libinit2.o(.ARM.Collect$$libinit$$00000033)
    __rt_lib_init_signal_1                   0x000000f3   Thumb Code     0  libinit2.o(.ARM.Collect$$libinit$$0000001D)
    __rt_lib_init_stdio_1                    0x000000f3   Thumb Code     0  libinit2.o(.ARM.Collect$$libinit$$00000025)
    __rt_lib_init_user_alloc_1               0x000000f3   Thumb Code     0  libinit2.o(.ARM.Collect$$libinit$$0000000C)
    __rt_lib_shutdown                        0x000000f5   Thumb Code     0  libshutdown.o(.ARM.Collect$$libshutdown$$00000000)
    __rt_lib_shutdown_fp_trap_1              0x000000f7   Thumb Code     0  libshutdown2.o(.ARM.Collect$$libshutdown$$00000006)
    __rt_lib_shutdown_heap_1                 0x000000f7   Thumb Code     0  libshutdown2.o(.ARM.Collect$$libshutdown$$0000000E)
    __rt_lib_shutdown_return                 0x000000f7   Thumb Code     0  libshutdown2.o(.ARM.Collect$$libshutdown$$0000000F)
    __rt_lib_shutdown_signal_1               0x000000f7   Thumb Code     0  libshutdown2.o(.ARM.Collect$$libshutdown$$00000009)
    __rt_lib_shutdown_stdio_1                0x000000f7   Thumb Code     0  libshutdown2.o(.ARM.Collect$$libshutdown$$00000003)
    __rt_lib_shutdown_user_alloc_1           0x000000f7   Thumb Code     0  libshutdown2.o(.ARM.Collect$$libshutdown$$0000000B)
    __rt_entry                               0x000000f9   Thumb Code     0  __rtentry.o(.ARM.Collect$$rtentry$$00000000)
    __rt_entry_presh_1                       0x000000f9   Thumb Code     0  __rtentry2.o(.ARM.Collect$$rtentry$$00000002)
    __rt_entry_sh                            0x000000f9   Thumb Code     0  __rtentry4.o(.ARM.Collect$$rtentry$$00000004)
    __rt_entry_li                            0x000000ff   Thumb Code     0  __rtentry2.o(.ARM.Collect$$rtentry$$0000000A)
    __rt_entry_postsh_1                      0x000000ff   Thumb Code     0  __rtentry2.o(.ARM.Collect$$rtentry$$00000009)
    __rt_entry_main                          0x00000103   Thumb Code     0  __rtentry2.o(.ARM.Collect$$rtentry$$0000000D)
    __rt_entry_postli_1                      0x00000103   Thumb Code     0  __rtentry2.o(.ARM.Collect$$rtentry$$0000000C)
    __rt_exit                                0x0000010b   Thumb Code     0  rtexit.o(.ARM.Collect$$rtexit$$00000000)
    __rt_exit_ls                             0x0000010d   Thumb Code     0  rtexit2.o(.ARM.Collect$$rtexit$$00000003)
    __rt_exit_prels_1                        0x0000010d   Thumb Code     0  rtexit2.o(.ARM.Collect$$rtexit$$00000002)
    __rt_exit_exit                           0x00000111   Thumb Code     0  rtexit2.o(.ARM.Collect$$rtexit$$00000004)
    Reset_Handler                            0x00000119   Thumb Code     8  startup_armcm0.o(.text)
    HardFault_Handler                        0x00000123   Thumb Code     0  startup_armcm0.o(.text)
    SVC_Handler                              0x00000123   Thumb Code     2  startup_armcm0.o(.text)
    PendSV_Handler                           0x00000125   Thumb Code     2  startup_armcm0.o(.text)
    SysTick_Handler                          0x00000127   Thumb Code     2  startup_armcm0.o(.text)
    ADC_IRQHandler                           0x00000129   Thumb Code     0  startup_armcm0.o(.text)
    BB_IRQHandler                            0x00000129   Thumb Code     0  startup_armcm0.o(.text)
    ETH_IRQHandler                           0x00000129   Thumb Code     0  startup_armcm0.o(.text)
    GPIO_IRQHandler                          0x00000129   Thumb Code     0  startup_armcm0.o(.text)
    LED_IRQHandler                           0x00000129   Thumb Code     0  startup_armcm0.o(.text)
    LLE_IRQHandler                           0x00000129   Thumb Code     0  startup_armcm0.o(.text)
    RTC_IRQHandler                           0x00000129   Thumb Code     0  startup_armcm0.o(.text)
    SLAVE_IRQHandler                         0x00000129   Thumb Code     0  startup_armcm0.o(.text)
    SPI0_IRQHandler                          0x00000129   Thumb Code     0  startup_armcm0.o(.text)
    SPI1_IRQHandler                          0x00000129   Thumb Code     0  startup_armcm0.o(.text)
    TMR0_IRQHandler                          0x00000129   Thumb Code     0  startup_armcm0.o(.text)
    TMR1_IRQHandler                          0x00000129   Thumb Code     0  startup_armcm0.o(.text)
    TMR2_IRQHandler                          0x00000129   Thumb Code     0  startup_armcm0.o(.text)
    TMR3_IRQHandler                          0x00000129   Thumb Code     0  startup_armcm0.o(.text)
    UART0_IRQHandler                         0x00000129   Thumb Code     0  startup_armcm0.o(.text)
    UART1_IRQHandler                         0x00000129   Thumb Code     0  startup_armcm0.o(.text)
    UART2_IRQHandler                         0x00000129   Thumb Code     0  startup_armcm0.o(.text)
    UART3_IRQHandler                         0x00000129   Thumb Code     0  startup_armcm0.o(.text)
    USB_IRQHandler                           0x00000129   Thumb Code     0  startup_armcm0.o(.text)
    WDT_IRQHandler                           0x00000129   Thumb Code     0  startup_armcm0.o(.text)
    __user_initial_stackheap                 0x0000012d   Thumb Code    10  startup_armcm0.o(.text)
    __aeabi_uidiv                            0x00000151   Thumb Code     0  aeabi_sdiv.o(.text)
    __aeabi_uidivmod                         0x00000151   Thumb Code    20  aeabi_sdiv.o(.text)
    __aeabi_idiv                             0x00000165   Thumb Code     0  aeabi_sdiv.o(.text)
    __aeabi_idivmod                          0x00000165   Thumb Code   326  aeabi_sdiv.o(.text)
    __use_two_region_memory                  0x000002ab   Thumb Code     2  heapauxi.o(.text)
    __rt_heap_escrow$2region                 0x000002ad   Thumb Code     2  heapauxi.o(.text)
    __rt_heap_expand$2region                 0x000002af   Thumb Code     2  heapauxi.o(.text)
    __user_setup_stackheap                   0x000002b1   Thumb Code    62  sys_stackheap_outer.o(.text)
    exit                                     0x000002ef   Thumb Code    12  exit.o(.text)
    __user_libspace                          0x000002fd   Thumb Code     8  libspace.o(.text)
    __user_perproc_libspace                  0x000002fd   Thumb Code     0  libspace.o(.text)
    __user_perthread_libspace                0x000002fd   Thumb Code     0  libspace.o(.text)
    _sys_exit                                0x00000305   Thumb Code     8  sys_exit.o(.text)
    __I$use$semihosting                      0x00000311   Thumb Code     0  use_no_semi.o(.text)
    __use_no_semihosting_swi                 0x00000311   Thumb Code     2  use_no_semi.o(.text)
    __semihosting_library_function           0x00000313   Thumb Code     0  indicate_semi.o(.text)
    GPIOA_ModeCfg                            0x00000315   Thumb Code   146  ch57x_gpio.o(i.GPIOA_ModeCfg)
    GetSysClock                              0x000003ad   Thumb Code    66  ch57x_clk.o(i.GetSysClock)
    NMI_Handler                              0x000003fd   Thumb Code   146  ch57x_int.o(i.NMI_Handler)
    PowerMonitor                             0x00000495   Thumb Code    90  ch57x_pwr.o(i.PowerMonitor)
    SystemInit                               0x000004f5   Thumb Code    40  ch57x_clk.o(i.SystemInit)
    UART1_BaudRateCfg                        0x00000521   Thumb Code    40  ch57x_uart1.o(i.UART1_BaudRateCfg)
    UART1_DefInit                            0x0000054d   Thumb Code    30  ch57x_uart1.o(i.UART1_DefInit)
    UART1_SendString                         0x00000571   Thumb Code    32  ch57x_uart1.o(i.UART1_SendString)
    __ARM_common_switch8                     0x00000595   Thumb Code    28  ch57x_clk.o(i.__ARM_common_switch8)
    mDelayuS                                 0x000005b1   Thumb Code    34  ch57x_sys.o(i.mDelayuS)
    main                                     0x000005d5   Thumb Code    48  main.o(i.main)
    Region$$Table$$Base                      0x00000614   Number         0  anon$$obj.o(Region$$Table)
    Region$$Table$$Limit                     0x00000624   Number         0  anon$$obj.o(Region$$Table)
    __libspace_start                         0x20000000   Data          96  libspace.o(.bss)
    __temporary_stack_top$libspace           0x20000060   Data           0  libspace.o(.bss)



==============================================================================

Memory Map of the image

  Image Entry point : 0x00000091

  Load Region LR_IROM1 (Base: 0x00000000, Size: 0x00000624, Max: 0x0003e800, ABSOLUTE)

    Execution Region ER_IROM1 (Base: 0x00000000, Size: 0x00000624, Max: 0x0003e800, ABSOLUTE)

    Base Addr    Size         Type   Attr      Idx    E Section Name        Object

    0x00000000   0x00000090   Data   RO         1433    RESET               startup_armcm0.o
    0x00000090   0x00000008   Code   RO         1508  * !!!main             c_p.l(__main.o)
    0x00000098   0x0000003c   Code   RO         1676    !!!scatter          c_p.l(__scatter.o)
    0x000000d4   0x0000001c   Code   RO         1678    !!handler_zi        c_p.l(__scatter_zi.o)
    0x000000f0   0x00000002   Code   RO         1546    .ARM.Collect$$libinit$$00000000  c_p.l(libinit.o)
    0x000000f2   0x00000000   Code   RO         1560    .ARM.Collect$$libinit$$00000002  c_p.l(libinit2.o)
    0x000000f2   0x00000000   Code   RO         1562    .ARM.Collect$$libinit$$00000004  c_p.l(libinit2.o)
    0x000000f2   0x00000000   Code   RO         1565    .ARM.Collect$$libinit$$0000000A  c_p.l(libinit2.o)
    0x000000f2   0x00000000   Code   RO         1567    .ARM.Collect$$libinit$$0000000C  c_p.l(libinit2.o)
    0x000000f2   0x00000000   Code   RO         1569    .ARM.Collect$$libinit$$0000000E  c_p.l(libinit2.o)
    0x000000f2   0x00000000   Code   RO         1572    .ARM.Collect$$libinit$$00000011  c_p.l(libinit2.o)
    0x000000f2   0x00000000   Code   RO         1574    .ARM.Collect$$libinit$$00000013  c_p.l(libinit2.o)
    0x000000f2   0x00000000   Code   RO         1576    .ARM.Collect$$libinit$$00000015  c_p.l(libinit2.o)
    0x000000f2   0x00000000   Code   RO         1578    .ARM.Collect$$libinit$$00000017  c_p.l(libinit2.o)
    0x000000f2   0x00000000   Code   RO         1580    .ARM.Collect$$libinit$$00000019  c_p.l(libinit2.o)
    0x000000f2   0x00000000   Code   RO         1582    .ARM.Collect$$libinit$$0000001B  c_p.l(libinit2.o)
    0x000000f2   0x00000000   Code   RO         1584    .ARM.Collect$$libinit$$0000001D  c_p.l(libinit2.o)
    0x000000f2   0x00000000   Code   RO         1586    .ARM.Collect$$libinit$$0000001F  c_p.l(libinit2.o)
    0x000000f2   0x00000000   Code   RO         1588    .ARM.Collect$$libinit$$00000021  c_p.l(libinit2.o)
    0x000000f2   0x00000000   Code   RO         1590    .ARM.Collect$$libinit$$00000023  c_p.l(libinit2.o)
    0x000000f2   0x00000000   Code   RO         1592    .ARM.Collect$$libinit$$00000025  c_p.l(libinit2.o)
    0x000000f2   0x00000000   Code   RO         1596    .ARM.Collect$$libinit$$0000002C  c_p.l(libinit2.o)
    0x000000f2   0x00000000   Code   RO         1598    .ARM.Collect$$libinit$$0000002E  c_p.l(libinit2.o)
    0x000000f2   0x00000000   Code   RO         1600    .ARM.Collect$$libinit$$00000030  c_p.l(libinit2.o)
    0x000000f2   0x00000000   Code   RO         1602    .ARM.Collect$$libinit$$00000032  c_p.l(libinit2.o)
    0x000000f2   0x00000002   Code   RO         1603    .ARM.Collect$$libinit$$00000033  c_p.l(libinit2.o)
    0x000000f4   0x00000002   Code   RO         1634    .ARM.Collect$$libshutdown$$00000000  c_p.l(libshutdown.o)
    0x000000f6   0x00000000   Code   RO         1661    .ARM.Collect$$libshutdown$$00000003  c_p.l(libshutdown2.o)
    0x000000f6   0x00000000   Code   RO         1664    .ARM.Collect$$libshutdown$$00000006  c_p.l(libshutdown2.o)
    0x000000f6   0x00000000   Code   RO         1667    .ARM.Collect$$libshutdown$$00000009  c_p.l(libshutdown2.o)
    0x000000f6   0x00000000   Code   RO         1669    .ARM.Collect$$libshutdown$$0000000B  c_p.l(libshutdown2.o)
    0x000000f6   0x00000000   Code   RO         1672    .ARM.Collect$$libshutdown$$0000000E  c_p.l(libshutdown2.o)
    0x000000f6   0x00000002   Code   RO         1673    .ARM.Collect$$libshutdown$$0000000F  c_p.l(libshutdown2.o)
    0x000000f8   0x00000000   Code   RO         1510    .ARM.Collect$$rtentry$$00000000  c_p.l(__rtentry.o)
    0x000000f8   0x00000000   Code   RO         1516    .ARM.Collect$$rtentry$$00000002  c_p.l(__rtentry2.o)
    0x000000f8   0x00000006   Code   RO         1528    .ARM.Collect$$rtentry$$00000004  c_p.l(__rtentry4.o)
    0x000000fe   0x00000000   Code   RO         1518    .ARM.Collect$$rtentry$$00000009  c_p.l(__rtentry2.o)
    0x000000fe   0x00000004   Code   RO         1519    .ARM.Collect$$rtentry$$0000000A  c_p.l(__rtentry2.o)
    0x00000102   0x00000000   Code   RO         1521    .ARM.Collect$$rtentry$$0000000C  c_p.l(__rtentry2.o)
    0x00000102   0x00000008   Code   RO         1522    .ARM.Collect$$rtentry$$0000000D  c_p.l(__rtentry2.o)
    0x0000010a   0x00000002   Code   RO         1551    .ARM.Collect$$rtexit$$00000000  c_p.l(rtexit.o)
    0x0000010c   0x00000000   Code   RO         1607    .ARM.Collect$$rtexit$$00000002  c_p.l(rtexit2.o)
    0x0000010c   0x00000004   Code   RO         1608    .ARM.Collect$$rtexit$$00000003  c_p.l(rtexit2.o)
    0x00000110   0x00000006   Code   RO         1609    .ARM.Collect$$rtexit$$00000004  c_p.l(rtexit2.o)
    0x00000116   0x00000002   PAD
    0x00000118   0x00000038   Code   RO         1434    .text               startup_armcm0.o
    0x00000150   0x0000015a   Code   RO         1502    .text               c_p.l(aeabi_sdiv.o)
    0x000002aa   0x00000006   Code   RO         1506    .text               c_p.l(heapauxi.o)
    0x000002b0   0x0000003e   Code   RO         1532    .text               c_p.l(sys_stackheap_outer.o)
    0x000002ee   0x0000000c   Code   RO         1535    .text               c_p.l(exit.o)
    0x000002fa   0x00000002   PAD
    0x000002fc   0x00000008   Code   RO         1547    .text               c_p.l(libspace.o)
    0x00000304   0x0000000c   Code   RO         1604    .text               c_p.l(sys_exit.o)
    0x00000310   0x00000002   Code   RO         1623    .text               c_p.l(use_no_semi.o)
    0x00000312   0x00000000   Code   RO         1625    .text               c_p.l(indicate_semi.o)
    0x00000312   0x00000002   PAD
    0x00000314   0x00000098   Code   RO          344    i.GPIOA_ModeCfg     ch57x_gpio.o
    0x000003ac   0x00000050   Code   RO          166    i.GetSysClock       ch57x_clk.o
    0x000003fc   0x00000098   Code   RO          396    i.NMI_Handler       ch57x_int.o
    0x00000494   0x00000060   Code   RO          494    i.PowerMonitor      ch57x_pwr.o
    0x000004f4   0x0000002c   Code   RO          183    i.SystemInit        ch57x_clk.o
    0x00000520   0x0000002c   Code   RO         1028    i.UART1_BaudRateCfg  ch57x_uart1.o
    0x0000054c   0x00000024   Code   RO         1030    i.UART1_DefInit     ch57x_uart1.o
    0x00000570   0x00000024   Code   RO         1034    i.UART1_SendString  ch57x_uart1.o
    0x00000594   0x0000001c   Code   RO          288    i.__ARM_common_switch8  ch57x_clk.o
    0x000005b0   0x00000022   Code   RO          719    i.mDelayuS          ch57x_sys.o
    0x000005d2   0x00000002   PAD
    0x000005d4   0x00000040   Code   RO            3    i.main              main.o
    0x00000614   0x00000010   Data   RO         1674    Region$$Table       anon$$obj.o


    Execution Region RW_IRAM1 (Base: 0x20000000, Size: 0x00000860, Max: 0x00008000, ABSOLUTE)

    Base Addr    Size         Type   Attr      Idx    E Section Name        Object

    0x20000000   0x00000060   Zero   RW         1548    .bss                c_p.l(libspace.o)
    0x20000060   0x00000400   Zero   RW         1432    HEAP                startup_armcm0.o
    0x20000460   0x00000400   Zero   RW         1431    STACK               startup_armcm0.o


==============================================================================

Image component sizes


      Code (inc. data)   RO Data    RW Data    ZI Data      Debug   Object Name

       152         18          0          0          0       1123   ch57x_clk.o
       152         14          0          0          0        592   ch57x_gpio.o
       152          6          0          0          0        530   ch57x_int.o
        96          6          0          0          0        551   ch57x_pwr.o
        34          0          0          0          0        535   ch57x_sys.o
       116         14          0          0          0       1587   ch57x_uart1.o
        64         16          0          0          0      45511   main.o
        56         28        144          0       2048        640   startup_armcm0.o

    ----------------------------------------------------------------------
       824        102        160          0       2048      51069   Object Totals
         0          0         16          0          0          0   (incl. Generated)
         2          0          0          0          0          0   (incl. Padding)

    ----------------------------------------------------------------------

      Code (inc. data)   RO Data    RW Data    ZI Data      Debug   Library Member Name

         8          0          0          0          0         68   __main.o
         0          0          0          0          0          0   __rtentry.o
        12          0          0          0          0          0   __rtentry2.o
         6          0          0          0          0          0   __rtentry4.o
        60          8          0          0          0          0   __scatter.o
        28          0          0          0          0          0   __scatter_zi.o
       346          0          0          0          0         92   aeabi_sdiv.o
        12          0          0          0          0         64   exit.o
         6          0          0          0          0        136   heapauxi.o
         0          0          0          0          0          0   indicate_semi.o
         2          0          0          0          0          0   libinit.o
         2          0          0          0          0          0   libinit2.o
         2          0          0          0          0          0   libshutdown.o
         2          0          0          0          0          0   libshutdown2.o
         8          4          0          0         96         68   libspace.o
         2          0          0          0          0          0   rtexit.o
        10          0          0          0          0          0   rtexit2.o
        12          4          0          0          0         60   sys_exit.o
        62          0          0          0          0         80   sys_stackheap_outer.o
         2          0          0          0          0         68   use_no_semi.o

    ----------------------------------------------------------------------
       588         16          0          0         96        636   Library Totals
         6          0          0          0          0          0   (incl. Padding)

    ----------------------------------------------------------------------

      Code (inc. data)   RO Data    RW Data    ZI Data      Debug   Library Name

       582         16          0          0         96        636   c_p.l

    ----------------------------------------------------------------------
       588         16          0          0         96        636   Library Totals

    ----------------------------------------------------------------------

==============================================================================


      Code (inc. data)   RO Data    RW Data    ZI Data      Debug   

      1412        118        160          0       2144      51053   Grand Totals
      1412        118        160          0       2144      51053   ELF Image Totals
      1412        118        160          0          0          0   ROM Totals

==============================================================================

    Total RO  Size (Code + RO Data)                 1572 (   1.54kB)
    Total RW  Size (RW Data + ZI Data)              2144 (   2.09kB)
    Total ROM Size (Code + RO Data + RW Data)       1572 (   1.54kB)

==============================================================================

